apps/web                                 |  WARN  The field "pnpm.patchedDependencies" was found in D:\project\oneceo.ai\oneceo\apps\web/package.json. This will not take effect. You should configure "pnpm.patchedDependencies" at the root of the workspace instead.
apps/web                                 |  WARN  The field "pnpm.overrides" was found in D:\project\oneceo.ai\oneceo\apps\web/package.json. This will not take effect. You should configure "pnpm.overrides" at the root of the workspace instead.

> api@1.0.0 dev D:\project\oneceo.ai\oneceo\apps\api
> tsx watch src/index.ts


🚀 oneceo.ai API Server
━━━━━━━━━━━━━━━━━━━━━━━━━━━━━━━━━━━━━━━━━━━━━
📡 API server running on http://localhost:4000
🔌 WebSocket server running on ws://localhost:4000
🔌 Task Creation WebSocket: ws://localhost:4000/ws/task-creation
🏥 Health check: http://localhost:4000/health
━━━━━━━━━━━━━━━━━━━━━━━━━━━━━━━━━━━━━━━━━━━━━

✅ 数据库连接成功
[OSAC_PERSISTENT_RECOVER] {"reason":"startup","candidates":3,"scanLimit":120,"limit":30,"maxAgeMs":1800000,"readyGateEnabled":true}
[2026-02-21T04:08:09.016Z] GET /api/task-creation/sessions/6e9a9cd5-1d71-4af6-951d-921332194dd7
[2026-02-21T04:08:09.023Z] GET /api/task-creation/sessions/6e9a9cd5-1d71-4af6-951d-921332194dd7/intent
[2026-02-21T04:08:09.024Z] GET /api/task-creation/sessions/6e9a9cd5-1d71-4af6-951d-921332194dd7/messages
[2026-02-21T04:08:09.025Z] GET /api/task-creation/sessions/6e9a9cd5-1d71-4af6-951d-921332194dd7/task-description
[2026-02-21T04:08:09.026Z] GET /api/task-creation/sessions/6e9a9cd5-1d71-4af6-951d-921332194dd7/execution-plan
[2026-02-21T04:08:09.028Z] GET /api/sandbox/environment
[2026-02-21T04:08:09.029Z] GET /api/task-creation/sessions
[2026-02-21T04:09:09.010Z] GET /api/task-creation/sessions/6e9a9cd5-1d71-4af6-951d-921332194dd7
[2026-02-21T04:09:09.011Z] GET /api/task-creation/sessions/6e9a9cd5-1d71-4af6-951d-921332194dd7/intent
[2026-02-21T04:09:09.012Z] GET /api/task-creation/sessions/6e9a9cd5-1d71-4af6-951d-921332194dd7/messages
[2026-02-21T04:09:09.012Z] GET /api/task-creation/sessions/6e9a9cd5-1d71-4af6-951d-921332194dd7/task-description
[2026-02-21T04:09:09.013Z] GET /api/task-creation/sessions/6e9a9cd5-1d71-4af6-951d-921332194dd7/execution-plan
[2026-02-21T04:09:09.014Z] GET /api/sandbox/environment
[2026-02-21T04:09:09.015Z] GET /api/task-creation/sessions
✅ 数据库连接成功
D:\project\oneceo.ai\oneceo\apps\api:
 ERR_PNPM_RECURSIVE_RUN_FIRST_FAIL  api@1.0.0 dev: `tsx watch src/index.ts`
Exit status 4294967295
[2026-02-21T04:10:09.014Z] GET /api/task-creation/sessions/6e9a9cd5-1d71-4af6-951d-921332194dd7
[2026-02-21T04:10:09.015Z] GET /api/task-creation/sessions/6e9a9cd5-1d71-4af6-951d-921332194dd7/messages
[2026-02-21T04:10:09.015Z] GET /api/task-creation/sessions/6e9a9cd5-1d71-4af6-951d-921332194dd7/intent
[2026-02-21T04:10:09.016Z] GET /api/task-creation/sessions/6e9a9cd5-1d71-4af6-951d-921332194dd7/task-description
[2026-02-21T04:10:09.017Z] GET /api/task-creation/sessions/6e9a9cd5-1d71-4af6-951d-921332194dd7/execution-plan
[2026-02-21T04:10:09.017Z] GET /api/sandbox/environment
[2026-02-21T04:10:09.018Z] GET /api/task-creation/sessions
✅ 数据库连接成功
