node:events:486
      throw er; // Unhandled 'error' event
      ^

Error: listen EADDRINUSE: address already in use :::4000
    at Server.setupListenHandle [as _listen2] (node:net:1940:16)
    at listenInCluster (node:net:1997:12)
    at Server.listen (node:net:2102:7)
    at <anonymous> (D:\project\oneceo.ai\oneceo\apps\api\src\index.ts:173:12)
    at ModuleJob.run (node:internal/modules/esm/module_job:430:25)
    at async onImport.tracePromise.__proto__ (node:internal/modules/esm/loader:661:26)
    at async asyncRunEntryPointWithESMLoader (node:internal/modules/run_main:101:5)
Emitted 'error' event on WebSocketServer instance at:
    at Server.emit (node:events:508:28)
    at emitErrorNT (node:net:1976:8)
    at process.processTicksAndRejections (node:internal/process/task_queues:89:21) {
  code: 'EADDRINUSE',
  errno: -4091,
  syscall: 'listen',
  address: '::',
  port: 4000
}

Node.js v24.13.1
node:events:486
      throw er; // Unhandled 'error' event
      ^

Error: listen EADDRINUSE: address already in use :::4000
    at Server.setupListenHandle [as _listen2] (node:net:1940:16)
    at listenInCluster (node:net:1997:12)
    at Server.listen (node:net:2102:7)
    at <anonymous> (D:\project\oneceo.ai\oneceo\apps\api\src\index.ts:173:12)
    at ModuleJob.run (node:internal/modules/esm/module_job:430:25)
    at async onImport.tracePromise.__proto__ (node:internal/modules/esm/loader:661:26)
    at async asyncRunEntryPointWithESMLoader (node:internal/modules/run_main:101:5)
Emitted 'error' event on WebSocketServer instance at:
    at Server.emit (node:events:508:28)
    at emitErrorNT (node:net:1976:8)
    at process.processTicksAndRejections (node:internal/process/task_queues:89:21) {
  code: 'EADDRINUSE',
  errno: -4091,
  syscall: 'listen',
  address: '::',
  port: 4000
}

Node.js v24.13.1
node:events:486
      throw er; // Unhandled 'error' event
      ^

Error: listen EADDRINUSE: address already in use :::4000
    at Server.setupListenHandle [as _listen2] (node:net:1940:16)
    at listenInCluster (node:net:1997:12)
    at Server.listen (node:net:2102:7)
    at <anonymous> (D:\project\oneceo.ai\oneceo\apps\api\src\index.ts:173:12)
    at ModuleJob.run (node:internal/modules/esm/module_job:430:25)
    at async onImport.tracePromise.__proto__ (node:internal/modules/esm/loader:661:26)
    at async asyncRunEntryPointWithESMLoader (node:internal/modules/run_main:101:5)
Emitted 'error' event on WebSocketServer instance at:
    at Server.emit (node:events:508:28)
    at emitErrorNT (node:net:1976:8)
    at process.processTicksAndRejections (node:internal/process/task_queues:89:21) {
  code: 'EADDRINUSE',
  errno: -4091,
  syscall: 'listen',
  address: '::',
  port: 4000
}

Node.js v24.13.1
node:events:486
      throw er; // Unhandled 'error' event
      ^

Error: listen EADDRINUSE: address already in use :::4000
    at Server.setupListenHandle [as _listen2] (node:net:1940:16)
    at listenInCluster (node:net:1997:12)
    at Server.listen (node:net:2102:7)
    at <anonymous> (D:\project\oneceo.ai\oneceo\apps\api\src\index.ts:173:12)
    at ModuleJob.run (node:internal/modules/esm/module_job:430:25)
    at async onImport.tracePromise.__proto__ (node:internal/modules/esm/loader:661:26)
    at async asyncRunEntryPointWithESMLoader (node:internal/modules/run_main:101:5)
Emitted 'error' event on WebSocketServer instance at:
    at Server.emit (node:events:508:28)
    at emitErrorNT (node:net:1976:8)
    at process.processTicksAndRejections (node:internal/process/task_queues:89:21) {
  code: 'EADDRINUSE',
  errno: -4091,
  syscall: 'listen',
  address: '::',
  port: 4000
}

Node.js v24.13.1
node:events:486
      throw er; // Unhandled 'error' event
      ^

Error: listen EADDRINUSE: address already in use :::4000
    at Server.setupListenHandle [as _listen2] (node:net:1940:16)
    at listenInCluster (node:net:1997:12)
    at Server.listen (node:net:2102:7)
    at <anonymous> (D:\project\oneceo.ai\oneceo\apps\api\src\index.ts:173:12)
    at ModuleJob.run (node:internal/modules/esm/module_job:430:25)
    at async onImport.tracePromise.__proto__ (node:internal/modules/esm/loader:661:26)
    at async asyncRunEntryPointWithESMLoader (node:internal/modules/run_main:101:5)
Emitted 'error' event on WebSocketServer instance at:
    at Server.emit (node:events:508:28)
    at emitErrorNT (node:net:1976:8)
    at process.processTicksAndRejections (node:internal/process/task_queues:89:21) {
  code: 'EADDRINUSE',
  errno: -4091,
  syscall: 'listen',
  address: '::',
  port: 4000
}

Node.js v24.13.1
node:events:486
      throw er; // Unhandled 'error' event
      ^

Error: listen EADDRINUSE: address already in use :::4000
    at Server.setupListenHandle [as _listen2] (node:net:1940:16)
    at listenInCluster (node:net:1997:12)
    at Server.listen (node:net:2102:7)
    at <anonymous> (D:\project\oneceo.ai\oneceo\apps\api\src\index.ts:173:12)
    at ModuleJob.run (node:internal/modules/esm/module_job:430:25)
    at async onImport.tracePromise.__proto__ (node:internal/modules/esm/loader:661:26)
    at async asyncRunEntryPointWithESMLoader (node:internal/modules/run_main:101:5)
Emitted 'error' event on WebSocketServer instance at:
    at Server.emit (node:events:508:28)
    at emitErrorNT (node:net:1976:8)
    at process.processTicksAndRejections (node:internal/process/task_queues:89:21) {
  code: 'EADDRINUSE',
  errno: -4091,
  syscall: 'listen',
  address: '::',
  port: 4000
}

Node.js v24.13.1
node:events:486
      throw er; // Unhandled 'error' event
      ^

Error: listen EADDRINUSE: address already in use :::4000
    at Server.setupListenHandle [as _listen2] (node:net:1940:16)
    at listenInCluster (node:net:1997:12)
    at Server.listen (node:net:2102:7)
    at <anonymous> (D:\project\oneceo.ai\oneceo\apps\api\src\index.ts:173:12)
    at ModuleJob.run (node:internal/modules/esm/module_job:430:25)
    at async onImport.tracePromise.__proto__ (node:internal/modules/esm/loader:661:26)
    at async asyncRunEntryPointWithESMLoader (node:internal/modules/run_main:101:5)
Emitted 'error' event on WebSocketServer instance at:
    at Server.emit (node:events:508:28)
    at emitErrorNT (node:net:1976:8)
    at process.processTicksAndRejections (node:internal/process/task_queues:89:21) {
  code: 'EADDRINUSE',
  errno: -4091,
  syscall: 'listen',
  address: '::',
  port: 4000
}

Node.js v24.13.1
node:events:486
      throw er; // Unhandled 'error' event
      ^

Error: listen EADDRINUSE: address already in use :::4000
    at Server.setupListenHandle [as _listen2] (node:net:1940:16)
    at listenInCluster (node:net:1997:12)
    at Server.listen (node:net:2102:7)
    at <anonymous> (D:\project\oneceo.ai\oneceo\apps\api\src\index.ts:173:12)
    at ModuleJob.run (node:internal/modules/esm/module_job:430:25)
    at async onImport.tracePromise.__proto__ (node:internal/modules/esm/loader:661:26)
    at async asyncRunEntryPointWithESMLoader (node:internal/modules/run_main:101:5)
Emitted 'error' event on WebSocketServer instance at:
    at Server.emit (node:events:508:28)
    at emitErrorNT (node:net:1976:8)
    at process.processTicksAndRejections (node:internal/process/task_queues:89:21) {
  code: 'EADDRINUSE',
  errno: -4091,
  syscall: 'listen',
  address: '::',
  port: 4000
}

Node.js v24.13.1
node:events:486
      throw er; // Unhandled 'error' event
      ^

Error: listen EADDRINUSE: address already in use :::4000
    at Server.setupListenHandle [as _listen2] (node:net:1940:16)
    at listenInCluster (node:net:1997:12)
    at Server.listen (node:net:2102:7)
    at <anonymous> (D:\project\oneceo.ai\oneceo\apps\api\src\index.ts:173:12)
    at ModuleJob.run (node:internal/modules/esm/module_job:430:25)
    at async onImport.tracePromise.__proto__ (node:internal/modules/esm/loader:661:26)
    at async asyncRunEntryPointWithESMLoader (node:internal/modules/run_main:101:5)
Emitted 'error' event on WebSocketServer instance at:
    at Server.emit (node:events:508:28)
    at emitErrorNT (node:net:1976:8)
    at process.processTicksAndRejections (node:internal/process/task_queues:89:21) {
  code: 'EADDRINUSE',
  errno: -4091,
  syscall: 'listen',
  address: '::',
  port: 4000
}

Node.js v24.13.1
node:events:486
      throw er; // Unhandled 'error' event
      ^

Error: listen EADDRINUSE: address already in use :::4000
    at Server.setupListenHandle [as _listen2] (node:net:1940:16)
    at listenInCluster (node:net:1997:12)
    at Server.listen (node:net:2102:7)
    at <anonymous> (D:\project\oneceo.ai\oneceo\apps\api\src\index.ts:173:12)
    at ModuleJob.run (node:internal/modules/esm/module_job:430:25)
    at async onImport.tracePromise.__proto__ (node:internal/modules/esm/loader:661:26)
    at async asyncRunEntryPointWithESMLoader (node:internal/modules/run_main:101:5)
Emitted 'error' event on WebSocketServer instance at:
    at Server.emit (node:events:508:28)
    at emitErrorNT (node:net:1976:8)
    at process.processTicksAndRejections (node:internal/process/task_queues:89:21) {
  code: 'EADDRINUSE',
  errno: -4091,
  syscall: 'listen',
  address: '::',
  port: 4000
}

Node.js v24.13.1
node:events:486
      throw er; // Unhandled 'error' event
      ^

Error: listen EADDRINUSE: address already in use :::4000
    at Server.setupListenHandle [as _listen2] (node:net:1940:16)
    at listenInCluster (node:net:1997:12)
    at Server.listen (node:net:2102:7)
    at <anonymous> (D:\project\oneceo.ai\oneceo\apps\api\src\index.ts:173:12)
    at ModuleJob.run (node:internal/modules/esm/module_job:430:25)
    at async onImport.tracePromise.__proto__ (node:internal/modules/esm/loader:661:26)
    at async asyncRunEntryPointWithESMLoader (node:internal/modules/run_main:101:5)
Emitted 'error' event on WebSocketServer instance at:
    at Server.emit (node:events:508:28)
    at emitErrorNT (node:net:1976:8)
    at process.processTicksAndRejections (node:internal/process/task_queues:89:21) {
  code: 'EADDRINUSE',
  errno: -4091,
  syscall: 'listen',
  address: '::',
  port: 4000
}

Node.js v24.13.1
node:events:486
      throw er; // Unhandled 'error' event
      ^

Error: listen EADDRINUSE: address already in use :::4000
    at Server.setupListenHandle [as _listen2] (node:net:1940:16)
    at listenInCluster (node:net:1997:12)
    at Server.listen (node:net:2102:7)
    at <anonymous> (D:\project\oneceo.ai\oneceo\apps\api\src\index.ts:173:12)
    at ModuleJob.run (node:internal/modules/esm/module_job:430:25)
    at async onImport.tracePromise.__proto__ (node:internal/modules/esm/loader:661:26)
    at async asyncRunEntryPointWithESMLoader (node:internal/modules/run_main:101:5)
Emitted 'error' event on WebSocketServer instance at:
    at Server.emit (node:events:508:28)
    at emitErrorNT (node:net:1976:8)
    at process.processTicksAndRejections (node:internal/process/task_queues:89:21) {
  code: 'EADDRINUSE',
  errno: -4091,
  syscall: 'listen',
  address: '::',
  port: 4000
}

Node.js v24.13.1
node:events:486
      throw er; // Unhandled 'error' event
      ^

Error: listen EADDRINUSE: address already in use :::4000
    at Server.setupListenHandle [as _listen2] (node:net:1940:16)
    at listenInCluster (node:net:1997:12)
    at Server.listen (node:net:2102:7)
    at <anonymous> (D:\project\oneceo.ai\oneceo\apps\api\src\index.ts:173:12)
    at ModuleJob.run (node:internal/modules/esm/module_job:430:25)
    at async onImport.tracePromise.__proto__ (node:internal/modules/esm/loader:661:26)
    at async asyncRunEntryPointWithESMLoader (node:internal/modules/run_main:101:5)
Emitted 'error' event on WebSocketServer instance at:
    at Server.emit (node:events:508:28)
    at emitErrorNT (node:net:1976:8)
    at process.processTicksAndRejections (node:internal/process/task_queues:89:21) {
  code: 'EADDRINUSE',
  errno: -4091,
  syscall: 'listen',
  address: '::',
  port: 4000
}

Node.js v24.13.1
node:events:486
      throw er; // Unhandled 'error' event
      ^

Error: listen EADDRINUSE: address already in use :::4000
    at Server.setupListenHandle [as _listen2] (node:net:1940:16)
    at listenInCluster (node:net:1997:12)
    at Server.listen (node:net:2102:7)
    at <anonymous> (D:\project\oneceo.ai\oneceo\apps\api\src\index.ts:173:12)
    at ModuleJob.run (node:internal/modules/esm/module_job:430:25)
    at async onImport.tracePromise.__proto__ (node:internal/modules/esm/loader:661:26)
    at async asyncRunEntryPointWithESMLoader (node:internal/modules/run_main:101:5)
Emitted 'error' event on WebSocketServer instance at:
    at Server.emit (node:events:508:28)
    at emitErrorNT (node:net:1976:8)
    at process.processTicksAndRejections (node:internal/process/task_queues:89:21) {
  code: 'EADDRINUSE',
  errno: -4091,
  syscall: 'listen',
  address: '::',
  port: 4000
}

Node.js v24.13.1
node:events:486
      throw er; // Unhandled 'error' event
      ^

Error: listen EADDRINUSE: address already in use :::4000
    at Server.setupListenHandle [as _listen2] (node:net:1940:16)
    at listenInCluster (node:net:1997:12)
    at Server.listen (node:net:2102:7)
    at <anonymous> (D:\project\oneceo.ai\oneceo\apps\api\src\index.ts:173:12)
    at ModuleJob.run (node:internal/modules/esm/module_job:430:25)
    at async onImport.tracePromise.__proto__ (node:internal/modules/esm/loader:661:26)
    at async asyncRunEntryPointWithESMLoader (node:internal/modules/run_main:101:5)
Emitted 'error' event on WebSocketServer instance at:
    at Server.emit (node:events:508:28)
    at emitErrorNT (node:net:1976:8)
    at process.processTicksAndRejections (node:internal/process/task_queues:89:21) {
  code: 'EADDRINUSE',
  errno: -4091,
  syscall: 'listen',
  address: '::',
  port: 4000
}

Node.js v24.13.1
node:events:486
      throw er; // Unhandled 'error' event
      ^

Error: listen EADDRINUSE: address already in use :::4000
    at Server.setupListenHandle [as _listen2] (node:net:1940:16)
    at listenInCluster (node:net:1997:12)
    at Server.listen (node:net:2102:7)
    at <anonymous> (D:\project\oneceo.ai\oneceo\apps\api\src\index.ts:173:12)
    at ModuleJob.run (node:internal/modules/esm/module_job:430:25)
    at async onImport.tracePromise.__proto__ (node:internal/modules/esm/loader:661:26)
    at async asyncRunEntryPointWithESMLoader (node:internal/modules/run_main:101:5)
Emitted 'error' event on WebSocketServer instance at:
    at Server.emit (node:events:508:28)
    at emitErrorNT (node:net:1976:8)
    at process.processTicksAndRejections (node:internal/process/task_queues:89:21) {
  code: 'EADDRINUSE',
  errno: -4091,
  syscall: 'listen',
  address: '::',
  port: 4000
}

Node.js v24.13.1
node:events:486
      throw er; // Unhandled 'error' event
      ^

Error: listen EADDRINUSE: address already in use :::4000
    at Server.setupListenHandle [as _listen2] (node:net:1940:16)
    at listenInCluster (node:net:1997:12)
    at Server.listen (node:net:2102:7)
    at <anonymous> (D:\project\oneceo.ai\oneceo\apps\api\src\index.ts:173:12)
    at ModuleJob.run (node:internal/modules/esm/module_job:430:25)
    at async onImport.tracePromise.__proto__ (node:internal/modules/esm/loader:661:26)
    at async asyncRunEntryPointWithESMLoader (node:internal/modules/run_main:101:5)
Emitted 'error' event on WebSocketServer instance at:
    at Server.emit (node:events:508:28)
    at emitErrorNT (node:net:1976:8)
    at process.processTicksAndRejections (node:internal/process/task_queues:89:21) {
  code: 'EADDRINUSE',
  errno: -4091,
  syscall: 'listen',
  address: '::',
  port: 4000
}

Node.js v24.13.1
node:events:486
      throw er; // Unhandled 'error' event
      ^

Error: listen EADDRINUSE: address already in use :::4000
    at Server.setupListenHandle [as _listen2] (node:net:1940:16)
    at listenInCluster (node:net:1997:12)
    at Server.listen (node:net:2102:7)
    at <anonymous> (D:\project\oneceo.ai\oneceo\apps\api\src\index.ts:173:12)
    at ModuleJob.run (node:internal/modules/esm/module_job:430:25)
    at async onImport.tracePromise.__proto__ (node:internal/modules/esm/loader:661:26)
    at async asyncRunEntryPointWithESMLoader (node:internal/modules/run_main:101:5)
Emitted 'error' event on WebSocketServer instance at:
    at Server.emit (node:events:508:28)
    at emitErrorNT (node:net:1976:8)
    at process.processTicksAndRejections (node:internal/process/task_queues:89:21) {
  code: 'EADDRINUSE',
  errno: -4091,
  syscall: 'listen',
  address: '::',
  port: 4000
}

Node.js v24.13.1
[OSAC_RELAY_CONNECT_FALLBACK] sess_35ff684915754d7c OSAC WebSocket 握手失败: status=409 code=mapping_stale
[OSAC_RELAY_CONNECT_FALLBACK] sess_35ff684915754d7c OSAC WebSocket 握手失败: status=409 code=mapping_stale
[OSAC_RELAY_CONNECT_FALLBACK] sess_35ff684915754d7c OSAC WebSocket 握手失败: status=409 code=mapping_stale
[OSAC_RELAY_CONNECT_FALLBACK] sess_35ff684915754d7c OSAC WebSocket 握手失败: status=409 code=mapping_stale
[OSAC_RELAY_CONNECT_FALLBACK] sess_35ff684915754d7c OSAC WebSocket 握手失败: status=409 code=mapping_stale
[OSAC_RELAY_CONNECT_FALLBACK] sess_35ff684915754d7c Unexpected server response: 429
[OSAC_RELAY_CONNECT_FALLBACK] sess_35ff684915754d7c Unexpected server response: 429
[OSAC_RELAY_CONNECT_FALLBACK] sess_35ff684915754d7c Unexpected server response: 429
[OSAC_RELAY_CONNECT_FALLBACK] sess_35ff684915754d7c Unexpected server response: 429
[OSAC_RELAY_CONNECT_FALLBACK] sess_35ff684915754d7c Unexpected server response: 429
[OSAC_RELAY_CONNECT_FALLBACK] sess_35ff684915754d7c Unexpected server response: 429
[OSAC_RELAY_CONNECT_FALLBACK] sess_35ff684915754d7c Unexpected server response: 429
[OSAC_RELAY_CONNECT_FALLBACK] sess_35ff684915754d7c Unexpected server response: 429
[OSAC_RELAY_CONNECT_FALLBACK] sess_35ff684915754d7c Unexpected server response: 429
[OSAC_RELAY_CONNECT_FALLBACK] sess_35ff684915754d7c Unexpected server response: 429
[OSAC_RELAY_CONNECT_FALLBACK] sess_35ff684915754d7c Unexpected server response: 429
[OSAC_RELAY_CONNECT_FALLBACK] sess_35ff684915754d7c OSAC WebSocket 握手失败: status=409 code=mapping_stale
[OSAC_RELAY_CONNECT_FALLBACK] sess_35ff684915754d7c Unexpected server response: 429
[OSAC_RELAY_CONNECT_FALLBACK] sess_35ff684915754d7c OSAC WebSocket 握手失败: status=409 code=mapping_stale
[OSAC_RELAY_CONNECT_FALLBACK] sess_35ff684915754d7c Unexpected server response: 429
[OSAC_RELAY_CONNECT_FALLBACK] sess_35ff684915754d7c Unexpected server response: 429
[OSAC_RELAY_CONNECT_FALLBACK] sess_35ff684915754d7c OSAC WebSocket 握手失败: status=409 code=mapping_stale
[OSAC_RELAY_CONNECT_FALLBACK] sess_35ff684915754d7c Unexpected server response: 429
[OSAC_RELAY_CONNECT_FALLBACK] sess_35ff684915754d7c OSAC WebSocket 握手失败: status=409 code=mapping_stale
[OSAC_RELAY_CONNECT_FALLBACK] sess_35ff684915754d7c Unexpected server response: 429
[OSAC_RELAY_CONNECT_FALLBACK] sess_35ff684915754d7c OSAC WebSocket 握手失败: status=409 code=mapping_stale
[OSAC_RELAY_CONNECT_FALLBACK] sess_35ff684915754d7c OSAC WebSocket 握手失败: status=409 code=mapping_stale
[OSAC_RELAY_CONNECT_FALLBACK] sess_35ff684915754d7c OSAC WebSocket 握手失败: status=409 code=mapping_stale
[OSAC_RELAY_CONNECT_FALLBACK] sess_35ff684915754d7c OSAC WebSocket 握手失败: status=409 code=mapping_stale
[OSAC_RELAY_CONNECT_FALLBACK] sess_35ff684915754d7c OSAC WebSocket 握手失败: status=409 code=mapping_stale
[OSAC_RELAY_CONNECT_FALLBACK] sess_35ff684915754d7c Unexpected server response: 429
[OSAC_RELAY_CONNECT_FALLBACK] sess_35ff684915754d7c Unexpected server response: 429
[OSAC_RELAY_CONNECT_FALLBACK] sess_35ff684915754d7c Unexpected server response: 429
[OSAC_RELAY_CONNECT_FALLBACK] sess_35ff684915754d7c Unexpected server response: 429
[OSAC_RELAY_CONNECT_FALLBACK] sess_35ff684915754d7c Unexpected server response: 429
[OSAC_RELAY_CONNECT_FALLBACK] sess_35ff684915754d7c Unexpected server response: 429
[OSAC_RELAY_CONNECT_FALLBACK] sess_35ff684915754d7c Unexpected server response: 429
[OSAC_RELAY_CONNECT_FALLBACK] sess_35ff684915754d7c Unexpected server response: 429
[OSAC_RELAY_CONNECT_FALLBACK] sess_35ff684915754d7c Unexpected server response: 429
[OSAC_RELAY_CONNECT_FALLBACK] sess_35ff684915754d7c Unexpected server response: 429
[OSAC_RELAY_CONNECT_FALLBACK] sess_35ff684915754d7c Unexpected server response: 429
[OSAC_RELAY_CONNECT_FALLBACK] sess_35ff684915754d7c Unexpected server response: 429
[OSAC_RELAY_CONNECT_FALLBACK] sess_35ff684915754d7c Unexpected server response: 429
[OSAC_RELAY_CONNECT_FALLBACK] sess_35ff684915754d7c OSAC WebSocket 握手失败: status=409 code=mapping_stale
[OSAC_RELAY_CONNECT_FALLBACK] sess_35ff684915754d7c OSAC WebSocket 握手失败: status=409 code=mapping_stale
[OSAC_RELAY_CONNECT_FALLBACK] sess_35ff684915754d7c OSAC WebSocket 握手失败: status=409 code=mapping_stale
[OSAC_RELAY_CONNECT_FALLBACK] sess_35ff684915754d7c OSAC WebSocket 握手失败: status=409 code=mapping_stale
[OSAC_RELAY_CONNECT_FALLBACK] sess_35ff684915754d7c Unexpected server response: 429
[OSAC_RELAY_CONNECT_FALLBACK] sess_35ff684915754d7c Unexpected server response: 429
[OSAC_RELAY_CONNECT_FALLBACK] sess_35ff684915754d7c Unexpected server response: 429
[OSAC_RELAY_CONNECT_FALLBACK] sess_35ff684915754d7c Unexpected server response: 429
[OSAC_RELAY_CONNECT_FALLBACK] sess_35ff684915754d7c Unexpected server response: 429
[OSAC_RELAY_CONNECT_FALLBACK] sess_35ff684915754d7c Unexpected server response: 429
[OSAC_RELAY_CONNECT_FALLBACK] sess_35ff684915754d7c Unexpected server response: 429
node:events:486
      throw er; // Unhandled 'error' event
      ^

Error: listen EADDRINUSE: address already in use :::4000
    at Server.setupListenHandle [as _listen2] (node:net:1940:16)
    at listenInCluster (node:net:1997:12)
    at Server.listen (node:net:2102:7)
    at <anonymous> (D:\project\oneceo.ai\oneceo\apps\api\src\index.ts:173:12)
    at ModuleJob.run (node:internal/modules/esm/module_job:430:25)
    at async onImport.tracePromise.__proto__ (node:internal/modules/esm/loader:661:26)
    at async asyncRunEntryPointWithESMLoader (node:internal/modules/run_main:101:5)
Emitted 'error' event on WebSocketServer instance at:
    at Server.emit (node:events:508:28)
    at emitErrorNT (node:net:1976:8)
    at process.processTicksAndRejections (node:internal/process/task_queues:89:21) {
  code: 'EADDRINUSE',
  errno: -4091,
  syscall: 'listen',
  address: '::',
  port: 4000
}

Node.js v24.13.1
^C