[OSAC_RELAY_FALLBACK] sess_35ff684915754d7c VM is not running
[OSAC_RELAY_FALLBACK] sess_35ff684915754d7c VM is not running
[OSAC_RELAY_FALLBACK] sess_35ff684915754d7c VM is not running
[OSAC_RELAY_FALLBACK] sess_35ff684915754d7c VM is not running
[OSAC_RELAY_FALLBACK] sess_35ff684915754d7c VM is not running
[OSAC_RELAY_FALLBACK] sess_35ff684915754d7c VM is not running
[OSAC_RELAY_FALLBACK] sess_35ff684915754d7c VM is not running
[OSAC_RELAY_FALLBACK] sess_35ff684915754d7c VM is not running
[OSAC_RELAY_FALLBACK] sess_35ff684915754d7c VM is not running
[OSAC_RELAY_FALLBACK] sess_35ff684915754d7c VM is not running
[OSAC_RELAY_FALLBACK] sess_35ff684915754d7c VM is not running
[OSAC_RELAY_FALLBACK] sess_35ff684915754d7c VM is not running
[OSAC_PERSISTENT_CONNECT_ERROR] sess_35ff684915754d7c Error: OSAC WebSocket 连接超时
    at Object.connectForSession (D:\project\oneceo.ai\oneceo\apps\api\src\connectors\osac-connector.ts:615:11)
    at process.processTicksAndRejections (node:internal/process/task_queues:103:5)
    at async OsacConnectionManager.createConnection (D:\project\oneceo.ai\oneceo\apps\api\src\services\osac-connection-manager.ts:141:20)
    at async OsacConnectionManager.ensurePersistent (D:\project\oneceo.ai\oneceo\apps\api\src\services\osac-connection-manager.ts:379:9)
    at async OsacPersistentRecoveryService.runRecoveryCycle (D:\project\oneceo.ai\oneceo\apps\api\src\services\osac-persistent-recovery-service.ts:145:29)
    at async OsacPersistentRecoveryService.recoverReadySessions (D:\project\oneceo.ai\oneceo\apps\api\src\services\osac-persistent-recovery-service.ts:201:5)
[OSAC_RELAY_FALLBACK] sess_35ff684915754d7c VM is not running
[OSAC_RELAY_FALLBACK] sess_35ff684915754d7c VM is not running
[OSAC_RELAY_FALLBACK] sess_35ff684915754d7c VM is not running
[OSAC_RELAY_FALLBACK] sess_35ff684915754d7c VM is not running
[OSAC_RELAY_FALLBACK] sess_35ff684915754d7c VM is not running
[OSAC_RELAY_FALLBACK] sess_35ff684915754d7c VM is not running
[OSAC_RELAY_FALLBACK] sess_35ff684915754d7c VM is not running
[OSAC_RELAY_FALLBACK] sess_35ff684915754d7c VM is not running
[OSAC_RELAY_FALLBACK] sess_35ff684915754d7c VM is not running
[OSAC_RELAY_FALLBACK] sess_35ff684915754d7c VM is not running
[OSAC_RELAY_FALLBACK] sess_35ff684915754d7c VM is not running
[OSAC_RELAY_FALLBACK] sess_35ff684915754d7c VM is not running
[OSAC_PERSISTENT_CONNECT_ERROR] sess_35ff684915754d7c Error: OSAC WebSocket 连接超时
    at Object.connectForSession (D:\project\oneceo.ai\oneceo\apps\api\src\connectors\osac-connector.ts:615:11)
    at process.processTicksAndRejections (node:internal/process/task_queues:103:5)
    at async OsacConnectionManager.createConnection (D:\project\oneceo.ai\oneceo\apps\api\src\services\osac-connection-manager.ts:141:20)
    at async OsacConnectionManager.ensurePersistent (D:\project\oneceo.ai\oneceo\apps\api\src\services\osac-connection-manager.ts:379:9)
    at async OsacPersistentRecoveryService.runRecoveryCycle (D:\project\oneceo.ai\oneceo\apps\api\src\services\osac-persistent-recovery-service.ts:145:29)
    at async OsacPersistentRecoveryService.recoverReadySessions (D:\project\oneceo.ai\oneceo\apps\api\src\services\osac-persistent-recovery-service.ts:201:5)
[OSAC_RELAY_FALLBACK] sess_35ff684915754d7c VM is not running
[OSAC_RELAY_FALLBACK] sess_35ff684915754d7c VM is not running
[OSAC_RELAY_FALLBACK] sess_35ff684915754d7c VM is not running
[OSAC_RELAY_FALLBACK] sess_35ff684915754d7c VM is not running
[OSAC_RELAY_FALLBACK] sess_35ff684915754d7c VM is not running
[OSAC_RELAY_FALLBACK] sess_35ff684915754d7c VM is not running
[OSAC_RELAY_FALLBACK] sess_35ff684915754d7c VM is not running
[OSAC_RELAY_FALLBACK] sess_35ff684915754d7c VM is not running
[OSAC_RELAY_FALLBACK] sess_35ff684915754d7c VM is not running
[OSAC_RELAY_FALLBACK] sess_35ff684915754d7c VM is not running
[OSAC_RELAY_FALLBACK] sess_35ff684915754d7c VM is not running
[OSAC_RELAY_FALLBACK] sess_35ff684915754d7c VM is not running
[OSAC_HEALTHCHECK_ERROR] sess_35ff684915754d7c OSAC WebSocket 连接超时
[OSAC_PERSISTENT_CONNECT_ERROR] sess_35ff684915754d7c Error: OSAC WebSocket 连接超时
    at Object.connectForSession (D:\project\oneceo.ai\oneceo\apps\api\src\connectors\osac-connector.ts:615:11)
    at process.processTicksAndRejections (node:internal/process/task_queues:103:5)
    at async OsacConnectionManager.createConnection (D:\project\oneceo.ai\oneceo\apps\api\src\services\osac-connection-manager.ts:141:20)
[OSAC_PERSISTENT_CONNECT_ERROR] sess_36869b6bbec94a41 Error: Session 'sess_36869b6bbec94a41' not found
    at Object.connectForSession (D:\project\oneceo.ai\oneceo\apps\api\src\connectors\osac-connector.ts:615:11)
    at process.processTicksAndRejections (node:internal/process/task_queues:103:5)
    at async OsacConnectionManager.createConnection (D:\project\oneceo.ai\oneceo\apps\api\src\services\osac-connection-manager.ts:141:20)
    at async OsacConnectionManager.ensurePersistent (D:\project\oneceo.ai\oneceo\apps\api\src\services\osac-connection-manager.ts:379:9)
    at async OsacPersistentRecoveryService.runRecoveryCycle (D:\project\oneceo.ai\oneceo\apps\api\src\services\osac-persistent-recovery-service.ts:145:29)
    at async OsacPersistentRecoveryService.recoverReadySessions (D:\project\oneceo.ai\oneceo\apps\api\src\services\osac-persistent-recovery-service.ts:201:5)
[OSAC_RELAY_FALLBACK] sess_35ff684915754d7c VM is not running
[OSAC_PERSISTENT_CONNECT_ERROR] sess_36869b6bbec94a41 Error: Session 'sess_36869b6bbec94a41' not found
    at Object.connectForSession (D:\project\oneceo.ai\oneceo\apps\api\src\connectors\osac-connector.ts:615:11)
    at process.processTicksAndRejections (node:internal/process/task_queues:103:5)
    at async OsacConnectionManager.createConnection (D:\project\oneceo.ai\oneceo\apps\api\src\services\osac-connection-manager.ts:141:20)
    at async OsacConnectionManager.ensurePersistent (D:\project\oneceo.ai\oneceo\apps\api\src\services\osac-connection-manager.ts:379:9)
    at async OsacPersistentRecoveryService.runRecoveryCycle (D:\project\oneceo.ai\oneceo\apps\api\src\services\osac-persistent-recovery-service.ts:145:29)
    at async OsacPersistentRecoveryService.recoverReadySessions (D:\project\oneceo.ai\oneceo\apps\api\src\services\osac-persistent-recovery-service.ts:201:5)
[OSAC_RELAY_FALLBACK] sess_35ff684915754d7c VM is not running
[OSAC_HEALTHCHECK_ERROR] sess_36869b6bbec94a41 Session 'sess_36869b6bbec94a41' not found
[OSAC_PERSISTENT_CONNECT_ERROR] sess_36869b6bbec94a41 Error: Session 'sess_36869b6bbec94a41' not found
    at Object.connectForSession (D:\project\oneceo.ai\oneceo\apps\api\src\connectors\osac-connector.ts:615:11)
    at process.processTicksAndRejections (node:internal/process/task_queues:103:5)
    at async OsacConnectionManager.createConnection (D:\project\oneceo.ai\oneceo\apps\api\src\services\osac-connection-manager.ts:141:20)
[OSAC_RELAY_FALLBACK] sess_172aef584943452d Rate limit exceeded
[OSAC_RECONNECT_ERROR] sess_36869b6bbec94a41 1  Error: Session 'sess_36869b6bbec94a41' not found
    at Object.connectForSession (D:\project\oneceo.ai\oneceo\apps\api\src\connectors\osac-connector.ts:615:11)
    at process.processTicksAndRejections (node:internal/process/task_queues:103:5)
    at async OsacConnectionManager.createConnection (D:\project\oneceo.ai\oneceo\apps\api\src\services\osac-connection-manager.ts:141:20)
[OSAC_PERSISTENT_CONNECT_ERROR] sess_172aef584943452d Error: Unexpected server response: 503
    at Object.connectForSession (D:\project\oneceo.ai\oneceo\apps\api\src\connectors\osac-connector.ts:615:11)
    at process.processTicksAndRejections (node:internal/process/task_queues:103:5)
    at async OsacConnectionManager.createConnection (D:\project\oneceo.ai\oneceo\apps\api\src\services\osac-connection-manager.ts:141:20)
    at async OsacConnectionManager.ensurePersistent (D:\project\oneceo.ai\oneceo\apps\api\src\services\osac-connection-manager.ts:379:9)
    at async OsacPersistentRecoveryService.runRecoveryCycle (D:\project\oneceo.ai\oneceo\apps\api\src\services\osac-persistent-recovery-service.ts:145:29)
    at async OsacPersistentRecoveryService.recoverReadySessions (D:\project\oneceo.ai\oneceo\apps\api\src\services\osac-persistent-recovery-service.ts:201:5)
[OSAC_RELAY_FALLBACK] sess_172aef584943452d Rate limit exceeded
[OSAC_RELAY_FALLBACK] sess_172aef584943452d Rate limit exceeded
[OSAC_RECONNECT_ERROR] sess_36869b6bbec94a41 2  Error: Rate limit exceeded
    at Object.connectForSession (D:\project\oneceo.ai\oneceo\apps\api\src\connectors\osac-connector.ts:615:11)
    at process.processTicksAndRejections (node:internal/process/task_queues:103:5)
    at async OsacConnectionManager.createConnection (D:\project\oneceo.ai\oneceo\apps\api\src\services\osac-connection-manager.ts:141:20)
[OSAC_RELAY_FALLBACK] sess_172aef584943452d Rate limit exceeded
[OSAC_RELAY_FALLBACK] sess_35ff684915754d7c Rate limit exceeded
[OSAC_RELAY_FALLBACK] sess_172aef584943452d Rate limit exceeded
[OSAC_RECONNECT_ERROR] sess_36869b6bbec94a41 3  Error: Rate limit exceeded
    at Object.connectForSession (D:\project\oneceo.ai\oneceo\apps\api\src\connectors\osac-connector.ts:615:11)
    at process.processTicksAndRejections (node:internal/process/task_queues:103:5)
    at async OsacConnectionManager.createConnection (D:\project\oneceo.ai\oneceo\apps\api\src\services\osac-connection-manager.ts:141:20)
[OSAC_PERSISTENT_CONNECT_ERROR] sess_172aef584943452d Error: Unexpected server response: 503
    at Object.connectForSession (D:\project\oneceo.ai\oneceo\apps\api\src\connectors\osac-connector.ts:615:11)
    at process.processTicksAndRejections (node:internal/process/task_queues:103:5)
    at async OsacConnectionManager.createConnection (D:\project\oneceo.ai\oneceo\apps\api\src\services\osac-connection-manager.ts:141:20)
    at async OsacConnectionManager.ensurePersistent (D:\project\oneceo.ai\oneceo\apps\api\src\services\osac-connection-manager.ts:379:9)
    at async OsacPersistentRecoveryService.runRecoveryCycle (D:\project\oneceo.ai\oneceo\apps\api\src\services\osac-persistent-recovery-service.ts:145:29)
    at async OsacPersistentRecoveryService.recoverReadySessions (D:\project\oneceo.ai\oneceo\apps\api\src\services\osac-persistent-recovery-service.ts:201:5)
[OSAC_RELAY_FALLBACK] sess_35ff684915754d7c VM is not running
[OSAC_RECONNECT_ERROR] sess_36869b6bbec94a41 4  Error: Session 'sess_36869b6bbec94a41' not found
    at Object.connectForSession (D:\project\oneceo.ai\oneceo\apps\api\src\connectors\osac-connector.ts:615:11)
    at process.processTicksAndRejections (node:internal/process/task_queues:103:5)
    at async OsacConnectionManager.createConnection (D:\project\oneceo.ai\oneceo\apps\api\src\services\osac-connection-manager.ts:141:20)
[OSAC_PERSISTENT_CONNECT_ERROR] sess_172aef584943452d Error: Unexpected server response: 503
    at Object.connectForSession (D:\project\oneceo.ai\oneceo\apps\api\src\connectors\osac-connector.ts:615:11)
    at process.processTicksAndRejections (node:internal/process/task_queues:103:5)
    at async OsacConnectionManager.createConnection (D:\project\oneceo.ai\oneceo\apps\api\src\services\osac-connection-manager.ts:141:20)
    at async OsacConnectionManager.ensurePersistent (D:\project\oneceo.ai\oneceo\apps\api\src\services\osac-connection-manager.ts:379:9)
    at async OsacPersistentRecoveryService.runRecoveryCycle (D:\project\oneceo.ai\oneceo\apps\api\src\services\osac-persistent-recovery-service.ts:145:29)
    at async OsacPersistentRecoveryService.recoverReadySessions (D:\project\oneceo.ai\oneceo\apps\api\src\services\osac-persistent-recovery-service.ts:201:5)
[OSAC_RECONNECT_ERROR] sess_36869b6bbec94a41 5  Error: Session 'sess_36869b6bbec94a41' not found
    at Object.connectForSession (D:\project\oneceo.ai\oneceo\apps\api\src\connectors\osac-connector.ts:615:11)
    at process.processTicksAndRejections (node:internal/process/task_queues:103:5)
    at async OsacConnectionManager.createConnection (D:\project\oneceo.ai\oneceo\apps\api\src\services\osac-connection-manager.ts:141:20)
[OSAC_RELAY_FALLBACK] sess_172aef584943452d Rate limit exceeded
[OSAC_RELAY_FALLBACK] sess_172aef584943452d Rate limit exceeded
[OSAC_RELAY_FALLBACK] sess_172aef584943452d Rate limit exceeded
[OSAC_RECONNECT_ERROR] sess_36869b6bbec94a41 6  Error: Session 'sess_36869b6bbec94a41' not found
    at Object.connectForSession (D:\project\oneceo.ai\oneceo\apps\api\src\connectors\osac-connector.ts:615:11)
    at process.processTicksAndRejections (node:internal/process/task_queues:103:5)
    at async OsacConnectionManager.createConnection (D:\project\oneceo.ai\oneceo\apps\api\src\services\osac-connection-manager.ts:141:20)
[OSAC_RECONNECT_ERROR] sess_172aef584943452d 1  Error: connect ECONNREFUSED 192.168.10.172:18080
    at Object.connectForSession (D:\project\oneceo.ai\oneceo\apps\api\src\connectors\osac-connector.ts:615:11)
    at process.processTicksAndRejections (node:internal/process/task_queues:103:5)
    at async OsacConnectionManager.createConnection (D:\project\oneceo.ai\oneceo\apps\api\src\services\osac-connection-manager.ts:141:20)
[OSAC_RELAY_FALLBACK] sess_172aef584943452d Rate limit exceeded
[OSAC_RELAY_FALLBACK] sess_35ff684915754d7c Rate limit exceeded
[OSAC_RELAY_FALLBACK] sess_172aef584943452d Rate limit exceeded
[OSAC_RECONNECT_ERROR] sess_36869b6bbec94a41 7  Error: Session 'sess_36869b6bbec94a41' not found
    at Object.connectForSession (D:\project\oneceo.ai\oneceo\apps\api\src\connectors\osac-connector.ts:615:11)
    at process.processTicksAndRejections (node:internal/process/task_queues:103:5)
    at async OsacConnectionManager.createConnection (D:\project\oneceo.ai\oneceo\apps\api\src\services\osac-connection-manager.ts:141:20)
[OSAC_RELAY_FALLBACK] sess_35ff684915754d7c VM is not running
[OSAC_RECONNECT_ERROR] sess_172aef584943452d 2  Error: Unexpected server response: 503
    at Object.connectForSession (D:\project\oneceo.ai\oneceo\apps\api\src\connectors\osac-connector.ts:615:11)
    at process.processTicksAndRejections (node:internal/process/task_queues:103:5)
    at async OsacConnectionManager.createConnection (D:\project\oneceo.ai\oneceo\apps\api\src\services\osac-connection-manager.ts:141:20)
[OSAC_RECONNECT_ERROR] sess_36869b6bbec94a41 8  Error: Session 'sess_36869b6bbec94a41' not found
    at Object.connectForSession (D:\project\oneceo.ai\oneceo\apps\api\src\connectors\osac-connector.ts:615:11)
    at process.processTicksAndRejections (node:internal/process/task_queues:103:5)
    at async OsacConnectionManager.createConnection (D:\project\oneceo.ai\oneceo\apps\api\src\services\osac-connection-manager.ts:141:20)
[OSAC_RECONNECT_ERROR] sess_172aef584943452d 3  Error: Unexpected server response: 503
    at Object.connectForSession (D:\project\oneceo.ai\oneceo\apps\api\src\connectors\osac-connector.ts:615:11)
    at process.processTicksAndRejections (node:internal/process/task_queues:103:5)
    at async OsacConnectionManager.createConnection (D:\project\oneceo.ai\oneceo\apps\api\src\services\osac-connection-manager.ts:141:20)
[OSAC_RELAY_FALLBACK] sess_172aef584943452d Rate limit exceeded
[OSAC_RELAY_FALLBACK] sess_172aef584943452d Rate limit exceeded
[OSAC_HEALTHCHECK_ERROR] sess_36869b6bbec94a41 Session 'sess_36869b6bbec94a41' not found
[OSAC_RECONNECT_ERROR] sess_36869b6bbec94a41 9  Error: Session 'sess_36869b6bbec94a41' not found
    at Object.connectForSession (D:\project\oneceo.ai\oneceo\apps\api\src\connectors\osac-connector.ts:615:11)
    at process.processTicksAndRejections (node:internal/process/task_queues:103:5)
    at async OsacConnectionManager.createConnection (D:\project\oneceo.ai\oneceo\apps\api\src\services\osac-connection-manager.ts:141:20)
[OSAC_RELAY_FALLBACK] sess_172aef584943452d Rate limit exceeded
[OSAC_RELAY_FALLBACK] sess_35ff684915754d7c VM is not running
[OSAC_RECONNECT_ERROR] sess_172aef584943452d 4  Error: Unexpected server response: 503
    at Object.connectForSession (D:\project\oneceo.ai\oneceo\apps\api\src\connectors\osac-connector.ts:615:11)
    at process.processTicksAndRejections (node:internal/process/task_queues:103:5)
    at async OsacConnectionManager.createConnection (D:\project\oneceo.ai\oneceo\apps\api\src\services\osac-connection-manager.ts:141:20)
[OSAC_RECONNECT_ERROR] sess_36869b6bbec94a41 10  Error: Session 'sess_36869b6bbec94a41' not found
    at Object.connectForSession (D:\project\oneceo.ai\oneceo\apps\api\src\connectors\osac-connector.ts:615:11)
    at process.processTicksAndRejections (node:internal/process/task_queues:103:5)
    at async OsacConnectionManager.createConnection (D:\project\oneceo.ai\oneceo\apps\api\src\services\osac-connection-manager.ts:141:20)
[OSAC_RELAY_FALLBACK] sess_35ff684915754d7c VM is not running
[OSAC_RECONNECT_ERROR] sess_172aef584943452d 5  Error: Unexpected server response: 503
    at Object.connectForSession (D:\project\oneceo.ai\oneceo\apps\api\src\connectors\osac-connector.ts:615:11)
    at process.processTicksAndRejections (node:internal/process/task_queues:103:5)
    at async OsacConnectionManager.createConnection (D:\project\oneceo.ai\oneceo\apps\api\src\services\osac-connection-manager.ts:141:20)
[OSAC_HEALTHCHECK_ERROR] sess_36869b6bbec94a41 Session 'sess_36869b6bbec94a41' not found
[OSAC_RECONNECT_ERROR] sess_36869b6bbec94a41 11  Error: Session 'sess_36869b6bbec94a41' not found
    at Object.connectForSession (D:\project\oneceo.ai\oneceo\apps\api\src\connectors\osac-connector.ts:615:11)
    at process.processTicksAndRejections (node:internal/process/task_queues:103:5)
    at async OsacConnectionManager.createConnection (D:\project\oneceo.ai\oneceo\apps\api\src\services\osac-connection-manager.ts:141:20)
[OSAC_RECONNECT_ERROR] sess_172aef584943452d 6  Error: Unexpected server response: 503
    at Object.connectForSession (D:\project\oneceo.ai\oneceo\apps\api\src\connectors\osac-connector.ts:615:11)
    at process.processTicksAndRejections (node:internal/process/task_queues:103:5)
    at async OsacConnectionManager.createConnection (D:\project\oneceo.ai\oneceo\apps\api\src\services\osac-connection-manager.ts:141:20)
[OSAC_RECONNECT_ERROR] sess_36869b6bbec94a41 12  Error: Session 'sess_36869b6bbec94a41' not found
    at Object.connectForSession (D:\project\oneceo.ai\oneceo\apps\api\src\connectors\osac-connector.ts:615:11)
    at process.processTicksAndRejections (node:internal/process/task_queues:103:5)
    at async OsacConnectionManager.createConnection (D:\project\oneceo.ai\oneceo\apps\api\src\services\osac-connection-manager.ts:141:20)
[OSAC_HEALTHCHECK_ERROR] sess_172aef584943452d Unexpected server response: 503
[OSAC_RECONNECT_ERROR] sess_172aef584943452d 7  Error: Unexpected server response: 503
    at Object.connectForSession (D:\project\oneceo.ai\oneceo\apps\api\src\connectors\osac-connector.ts:615:11)
    at process.processTicksAndRejections (node:internal/process/task_queues:103:5)
    at async OsacConnectionManager.createConnection (D:\project\oneceo.ai\oneceo\apps\api\src\services\osac-connection-manager.ts:141:20)
[OSAC_RECONNECT_ERROR] sess_36869b6bbec94a41 13  Error: Session 'sess_36869b6bbec94a41' not found
    at Object.connectForSession (D:\project\oneceo.ai\oneceo\apps\api\src\connectors\osac-connector.ts:615:11)
    at process.processTicksAndRejections (node:internal/process/task_queues:103:5)
    at async OsacConnectionManager.createConnection (D:\project\oneceo.ai\oneceo\apps\api\src\services\osac-connection-manager.ts:141:20)
[OSAC_RELAY_FALLBACK] sess_35ff684915754d7c VM is not running
[OSAC_RECONNECT_ERROR] sess_172aef584943452d 8  Error: Unexpected server response: 503
    at Object.connectForSession (D:\project\oneceo.ai\oneceo\apps\api\src\connectors\osac-connector.ts:615:11)
    at process.processTicksAndRejections (node:internal/process/task_queues:103:5)
    at async OsacConnectionManager.createConnection (D:\project\oneceo.ai\oneceo\apps\api\src\services\osac-connection-manager.ts:141:20)
[OSAC_RELAY_FALLBACK] sess_172aef584943452d Rate limit exceeded
[OSAC_HEALTHCHECK_ERROR] sess_36869b6bbec94a41 Session 'sess_36869b6bbec94a41' not found
[OSAC_RECONNECT_ERROR] sess_36869b6bbec94a41 14  Error: Session 'sess_36869b6bbec94a41' not found
    at Object.connectForSession (D:\project\oneceo.ai\oneceo\apps\api\src\connectors\osac-connector.ts:615:11)
    at process.processTicksAndRejections (node:internal/process/task_queues:103:5)
    at async OsacConnectionManager.createConnection (D:\project\oneceo.ai\oneceo\apps\api\src\services\osac-connection-manager.ts:141:20)
[OSAC_RELAY_FALLBACK] sess_35ff684915754d7c VM is not running
[OSAC_RELAY_FALLBACK] sess_172aef584943452d Rate limit exceeded
[OSAC_RECONNECT_ERROR] sess_172aef584943452d 9  Error: Unexpected server response: 503
    at Object.connectForSession (D:\project\oneceo.ai\oneceo\apps\api\src\connectors\osac-connector.ts:615:11)
    at process.processTicksAndRejections (node:internal/process/task_queues:103:5)
    at async OsacConnectionManager.createConnection (D:\project\oneceo.ai\oneceo\apps\api\src\services\osac-connection-manager.ts:141:20)
[OSAC_RECONNECT_ERROR] sess_36869b6bbec94a41 15  Error: Rate limit exceeded
    at Object.connectForSession (D:\project\oneceo.ai\oneceo\apps\api\src\connectors\osac-connector.ts:615:11)
    at process.processTicksAndRejections (node:internal/process/task_queues:103:5)
    at async OsacConnectionManager.createConnection (D:\project\oneceo.ai\oneceo\apps\api\src\services\osac-connection-manager.ts:141:20)
[OSAC_RELAY_FALLBACK] sess_172aef584943452d Rate limit exceeded
[OSAC_RELAY_FALLBACK] sess_172aef584943452d Rate limit exceeded
[OSAC_RELAY_FALLBACK] sess_172aef584943452d Rate limit exceeded
[OSAC_HEALTHCHECK_ERROR] sess_36869b6bbec94a41 Session 'sess_36869b6bbec94a41' not found
[OSAC_RECONNECT_ERROR] sess_36869b6bbec94a41 16  Error: Session 'sess_36869b6bbec94a41' not found
    at Object.connectForSession (D:\project\oneceo.ai\oneceo\apps\api\src\connectors\osac-connector.ts:615:11)
    at process.processTicksAndRejections (node:internal/process/task_queues:103:5)
    at async OsacConnectionManager.createConnection (D:\project\oneceo.ai\oneceo\apps\api\src\services\osac-connection-manager.ts:141:20)
[OSAC_RELAY_FALLBACK] sess_35ff684915754d7c VM is not running
[OSAC_RECONNECT_ERROR] sess_36869b6bbec94a41 17  Error: Session 'sess_36869b6bbec94a41' not found
    at Object.connectForSession (D:\project\oneceo.ai\oneceo\apps\api\src\connectors\osac-connector.ts:615:11)
    at process.processTicksAndRejections (node:internal/process/task_queues:103:5)
    at async OsacConnectionManager.createConnection (D:\project\oneceo.ai\oneceo\apps\api\src\services\osac-connection-manager.ts:141:20)
[OSAC_RECONNECT_ERROR] sess_172aef584943452d 10  Error: Unexpected server response: 503
    at Object.connectForSession (D:\project\oneceo.ai\oneceo\apps\api\src\connectors\osac-connector.ts:615:11)
    at process.processTicksAndRejections (node:internal/process/task_queues:103:5)
    at async OsacConnectionManager.createConnection (D:\project\oneceo.ai\oneceo\apps\api\src\services\osac-connection-manager.ts:141:20)
[OSAC_RELAY_FALLBACK] sess_35ff684915754d7c VM is not running
[OSAC_RELAY_FALLBACK] sess_172aef584943452d Rate limit exceeded
[OSAC_HEALTHCHECK_ERROR] sess_36869b6bbec94a41 Session 'sess_36869b6bbec94a41' not found
[OSAC_RECONNECT_ERROR] sess_36869b6bbec94a41 18  Error: Session 'sess_36869b6bbec94a41' not found
    at Object.connectForSession (D:\project\oneceo.ai\oneceo\apps\api\src\connectors\osac-connector.ts:615:11)
    at process.processTicksAndRejections (node:internal/process/task_queues:103:5)
    at async OsacConnectionManager.createConnection (D:\project\oneceo.ai\oneceo\apps\api\src\services\osac-connection-manager.ts:141:20)
[OSAC_RELAY_FALLBACK] sess_172aef584943452d Rate limit exceeded
[OSAC_RECONNECT_ERROR] sess_35ff684915754d7c 1  Error: OSAC WebSocket 连接超时
    at Object.connectForSession (D:\project\oneceo.ai\oneceo\apps\api\src\connectors\osac-connector.ts:615:11)
    at process.processTicksAndRejections (node:internal/process/task_queues:103:5)
    at async OsacConnectionManager.createConnection (D:\project\oneceo.ai\oneceo\apps\api\src\services\osac-connection-manager.ts:141:20)
[OSAC_PERSISTENT_CONNECT_ERROR] sess_35ff684915754d7c Error: OSAC WebSocket 连接超时
    at Object.connectForSession (D:\project\oneceo.ai\oneceo\apps\api\src\connectors\osac-connector.ts:615:11)
    at process.processTicksAndRejections (node:internal/process/task_queues:103:5)
    at async OsacConnectionManager.createConnection (D:\project\oneceo.ai\oneceo\apps\api\src\services\osac-connection-manager.ts:141:20)
[OSAC_RELAY_FALLBACK] sess_172aef584943452d Rate limit exceeded
[OSAC_RELAY_FALLBACK] sess_172aef584943452d Rate limit exceeded
[OSAC_RECONNECT_ERROR] sess_36869b6bbec94a41 19  Error: Session 'sess_36869b6bbec94a41' not found
    at Object.connectForSession (D:\project\oneceo.ai\oneceo\apps\api\src\connectors\osac-connector.ts:615:11)
    at process.processTicksAndRejections (node:internal/process/task_queues:103:5)
    at async OsacConnectionManager.createConnection (D:\project\oneceo.ai\oneceo\apps\api\src\services\osac-connection-manager.ts:141:20)
[OSAC_RELAY_FALLBACK] sess_172aef584943452d Rate limit exceeded
[OSAC_RECONNECT_ERROR] sess_172aef584943452d 11  Error: Unexpected server response: 503
    at Object.connectForSession (D:\project\oneceo.ai\oneceo\apps\api\src\connectors\osac-connector.ts:615:11)
    at process.processTicksAndRejections (node:internal/process/task_queues:103:5)
    at async OsacConnectionManager.createConnection (D:\project\oneceo.ai\oneceo\apps\api\src\services\osac-connection-manager.ts:141:20)
[OSAC_RELAY_FALLBACK] sess_35ff684915754d7c VM is not running
[OSAC_HEALTHCHECK_ERROR] sess_36869b6bbec94a41 Session 'sess_36869b6bbec94a41' not found
[OSAC_RECONNECT_ERROR] sess_36869b6bbec94a41 20  Error: Session 'sess_36869b6bbec94a41' not found
    at Object.connectForSession (D:\project\oneceo.ai\oneceo\apps\api\src\connectors\osac-connector.ts:615:11)
    at process.processTicksAndRejections (node:internal/process/task_queues:103:5)
    at async OsacConnectionManager.createConnection (D:\project\oneceo.ai\oneceo\apps\api\src\services\osac-connection-manager.ts:141:20)
[OSAC_RELAY_FALLBACK] sess_35ff684915754d7c VM is not running
[OSAC_HEALTHCHECK_ERROR] sess_172aef584943452d Unexpected server response: 503
[OSAC_RECONNECT_ERROR] sess_172aef584943452d 12  Error: Unexpected server response: 503
    at Object.connectForSession (D:\project\oneceo.ai\oneceo\apps\api\src\connectors\osac-connector.ts:615:11)
    at process.processTicksAndRejections (node:internal/process/task_queues:103:5)
    at async OsacConnectionManager.createConnection (D:\project\oneceo.ai\oneceo\apps\api\src\services\osac-connection-manager.ts:141:20)
[OSAC_RECONNECT_ERROR] sess_36869b6bbec94a41 21  Error: Session 'sess_36869b6bbec94a41' not found
    at Object.connectForSession (D:\project\oneceo.ai\oneceo\apps\api\src\connectors\osac-connector.ts:615:11)
    at process.processTicksAndRejections (node:internal/process/task_queues:103:5)
    at async OsacConnectionManager.createConnection (D:\project\oneceo.ai\oneceo\apps\api\src\services\osac-connection-manager.ts:141:20)
[OSAC_RELAY_FALLBACK] sess_172aef584943452d Rate limit exceeded
[OSAC_RELAY_FALLBACK] sess_172aef584943452d Rate limit exceeded
[OSAC_RELAY_FALLBACK] sess_172aef584943452d Rate limit exceeded
[OSAC_HEALTHCHECK_ERROR] sess_36869b6bbec94a41 Session 'sess_36869b6bbec94a41' not found
[OSAC_RECONNECT_ERROR] sess_36869b6bbec94a41 22  Error: Session 'sess_36869b6bbec94a41' not found
    at Object.connectForSession (D:\project\oneceo.ai\oneceo\apps\api\src\connectors\osac-connector.ts:615:11)
    at process.processTicksAndRejections (node:internal/process/task_queues:103:5)
    at async OsacConnectionManager.createConnection (D:\project\oneceo.ai\oneceo\apps\api\src\services\osac-connection-manager.ts:141:20)
[OSAC_RECONNECT_ERROR] sess_172aef584943452d 13  Error: Unexpected server response: 503
    at Object.connectForSession (D:\project\oneceo.ai\oneceo\apps\api\src\connectors\osac-connector.ts:615:11)
    at process.processTicksAndRejections (node:internal/process/task_queues:103:5)
    at async OsacConnectionManager.createConnection (D:\project\oneceo.ai\oneceo\apps\api\src\services\osac-connection-manager.ts:141:20)
[OSAC_RECONNECT_ERROR] sess_36869b6bbec94a41 23  Error: Session 'sess_36869b6bbec94a41' not found
    at Object.connectForSession (D:\project\oneceo.ai\oneceo\apps\api\src\connectors\osac-connector.ts:615:11)
    at process.processTicksAndRejections (node:internal/process/task_queues:103:5)
    at async OsacConnectionManager.createConnection (D:\project\oneceo.ai\oneceo\apps\api\src\services\osac-connection-manager.ts:141:20)
[OSAC_RELAY_FALLBACK] sess_35ff684915754d7c VM is not running
[OSAC_HEALTHCHECK_ERROR] sess_172aef584943452d Unexpected server response: 503
[OSAC_RECONNECT_ERROR] sess_172aef584943452d 14  Error: Unexpected server response: 503
    at Object.connectForSession (D:\project\oneceo.ai\oneceo\apps\api\src\connectors\osac-connector.ts:615:11)
    at process.processTicksAndRejections (node:internal/process/task_queues:103:5)
    at async OsacConnectionManager.createConnection (D:\project\oneceo.ai\oneceo\apps\api\src\services\osac-connection-manager.ts:141:20)
[OSAC_RELAY_FALLBACK] sess_172aef584943452d Rate limit exceeded
[OSAC_RELAY_FALLBACK] sess_35ff684915754d7c VM is not running
[OSAC_RELAY_FALLBACK] sess_172aef584943452d Rate limit exceeded
[OSAC_HEALTHCHECK_ERROR] sess_36869b6bbec94a41 Session 'sess_36869b6bbec94a41' not found
[OSAC_RECONNECT_ERROR] sess_36869b6bbec94a41 24  Error: Session 'sess_36869b6bbec94a41' not found
    at Object.connectForSession (D:\project\oneceo.ai\oneceo\apps\api\src\connectors\osac-connector.ts:615:11)
    at process.processTicksAndRejections (node:internal/process/task_queues:103:5)
    at async OsacConnectionManager.createConnection (D:\project\oneceo.ai\oneceo\apps\api\src\services\osac-connection-manager.ts:141:20)
[OSAC_RELAY_FALLBACK] sess_172aef584943452d Rate limit exceeded
[OSAC_RECONNECT_ERROR] sess_172aef584943452d 15  Error: connect ECONNREFUSED 192.168.10.172:18080
    at Object.connectForSession (D:\project\oneceo.ai\oneceo\apps\api\src\connectors\osac-connector.ts:615:11)
    at process.processTicksAndRejections (node:internal/process/task_queues:103:5)
    at async OsacConnectionManager.createConnection (D:\project\oneceo.ai\oneceo\apps\api\src\services\osac-connection-manager.ts:141:20)
[OSAC_RELAY_FALLBACK] sess_172aef584943452d Rate limit exceeded
[OSAC_RELAY_FALLBACK] sess_172aef584943452d Rate limit exceeded
[OSAC_RECONNECT_ERROR] sess_36869b6bbec94a41 25  Error: Session 'sess_36869b6bbec94a41' not found
    at Object.connectForSession (D:\project\oneceo.ai\oneceo\apps\api\src\connectors\osac-connector.ts:615:11)
    at process.processTicksAndRejections (node:internal/process/task_queues:103:5)
    at async OsacConnectionManager.createConnection (D:\project\oneceo.ai\oneceo\apps\api\src\services\osac-connection-manager.ts:141:20)
[OSAC_HEALTHCHECK_ERROR] sess_172aef584943452d Unexpected server response: 503
[OSAC_RECONNECT_ERROR] sess_172aef584943452d 16  Error: Unexpected server response: 503
    at Object.connectForSession (D:\project\oneceo.ai\oneceo\apps\api\src\connectors\osac-connector.ts:615:11)
    at process.processTicksAndRejections (node:internal/process/task_queues:103:5)
    at async OsacConnectionManager.createConnection (D:\project\oneceo.ai\oneceo\apps\api\src\services\osac-connection-manager.ts:141:20)
[OSAC_RELAY_FALLBACK] sess_35ff684915754d7c VM is not running
[OSAC_RECONNECT_ERROR] sess_36869b6bbec94a41 26  Error: Session 'sess_36869b6bbec94a41' not found
    at Object.connectForSession (D:\project\oneceo.ai\oneceo\apps\api\src\connectors\osac-connector.ts:615:11)
    at process.processTicksAndRejections (node:internal/process/task_queues:103:5)
    at async OsacConnectionManager.createConnection (D:\project\oneceo.ai\oneceo\apps\api\src\services\osac-connection-manager.ts:141:20)
[OSAC_RELAY_FALLBACK] sess_172aef584943452d Rate limit exceeded
[OSAC_RELAY_FALLBACK] sess_35ff684915754d7c Rate limit exceeded
[OSAC_RELAY_FALLBACK] sess_172aef584943452d Rate limit exceeded
[OSAC_RECONNECT_ERROR] sess_172aef584943452d 17  Error: Unexpected server response: 503
    at Object.connectForSession (D:\project\oneceo.ai\oneceo\apps\api\src\connectors\osac-connector.ts:615:11)
    at process.processTicksAndRejections (node:internal/process/task_queues:103:5)
    at async OsacConnectionManager.createConnection (D:\project\oneceo.ai\oneceo\apps\api\src\services\osac-connection-manager.ts:141:20)
[OSAC_HEALTHCHECK_ERROR] sess_36869b6bbec94a41 Rate limit exceeded
[OSAC_RECONNECT_ERROR] sess_36869b6bbec94a41 27  Error: Rate limit exceeded
    at Object.connectForSession (D:\project\oneceo.ai\oneceo\apps\api\src\connectors\osac-connector.ts:615:11)
    at process.processTicksAndRejections (node:internal/process/task_queues:103:5)
    at async OsacConnectionManager.createConnection (D:\project\oneceo.ai\oneceo\apps\api\src\services\osac-connection-manager.ts:141:20)
[OSAC_RELAY_FALLBACK] sess_172aef584943452d Rate limit exceeded
[OSAC_RECONNECT_ERROR] sess_36869b6bbec94a41 28  Error: Session 'sess_36869b6bbec94a41' not found
    at Object.connectForSession (D:\project\oneceo.ai\oneceo\apps\api\src\connectors\osac-connector.ts:615:11)
    at process.processTicksAndRejections (node:internal/process/task_queues:103:5)
    at async OsacConnectionManager.createConnection (D:\project\oneceo.ai\oneceo\apps\api\src\services\osac-connection-manager.ts:141:20)
[OSAC_RELAY_FALLBACK] sess_172aef584943452d Rate limit exceeded
[OSAC_HEALTHCHECK_ERROR] sess_172aef584943452d Unexpected server response: 503
[OSAC_RECONNECT_ERROR] sess_172aef584943452d 18  Error: Unexpected server response: 503
    at Object.connectForSession (D:\project\oneceo.ai\oneceo\apps\api\src\connectors\osac-connector.ts:615:11)
    at process.processTicksAndRejections (node:internal/process/task_queues:103:5)
    at async OsacConnectionManager.createConnection (D:\project\oneceo.ai\oneceo\apps\api\src\services\osac-connection-manager.ts:141:20)
[OSAC_RELAY_FALLBACK] sess_35ff684915754d7c VM is not running
[OSAC_RELAY_FALLBACK] sess_172aef584943452d Rate limit exceeded
[OSAC_RECONNECT_ERROR] sess_36869b6bbec94a41 29  Error: Rate limit exceeded
    at Object.connectForSession (D:\project\oneceo.ai\oneceo\apps\api\src\connectors\osac-connector.ts:615:11)
    at process.processTicksAndRejections (node:internal/process/task_queues:103:5)
    at async OsacConnectionManager.createConnection (D:\project\oneceo.ai\oneceo\apps\api\src\services\osac-connection-manager.ts:141:20)
[OSAC_RELAY_FALLBACK] sess_172aef584943452d Rate limit exceeded
[OSAC_RELAY_FALLBACK] sess_35ff684915754d7c VM is not running
[OSAC_RELAY_FALLBACK] sess_172aef584943452d Rate limit exceeded
[OSAC_RECONNECT_ERROR] sess_172aef584943452d 19  Error: connect ECONNREFUSED 192.168.10.172:18080
    at Object.connectForSession (D:\project\oneceo.ai\oneceo\apps\api\src\connectors\osac-connector.ts:615:11)
    at process.processTicksAndRejections (node:internal/process/task_queues:103:5)
    at async OsacConnectionManager.createConnection (D:\project\oneceo.ai\oneceo\apps\api\src\services\osac-connection-manager.ts:141:20)
[OSAC_HEALTHCHECK_ERROR] sess_36869b6bbec94a41 Session 'sess_36869b6bbec94a41' not found
[OSAC_RECONNECT_ERROR] sess_36869b6bbec94a41 30  Error: Session 'sess_36869b6bbec94a41' not found
    at Object.connectForSession (D:\project\oneceo.ai\oneceo\apps\api\src\connectors\osac-connector.ts:615:11)
    at process.processTicksAndRejections (node:internal/process/task_queues:103:5)
    at async OsacConnectionManager.createConnection (D:\project\oneceo.ai\oneceo\apps\api\src\services\osac-connection-manager.ts:141:20)
[OSAC_RELAY_FALLBACK] sess_172aef584943452d Rate limit exceeded
[OSAC_RELAY_FALLBACK] sess_172aef584943452d Rate limit exceeded
[OSAC_RECONNECT_ERROR] sess_36869b6bbec94a41 31  Error: Session 'sess_36869b6bbec94a41' not found
    at Object.connectForSession (D:\project\oneceo.ai\oneceo\apps\api\src\connectors\osac-connector.ts:615:11)
    at process.processTicksAndRejections (node:internal/process/task_queues:103:5)
    at async OsacConnectionManager.createConnection (D:\project\oneceo.ai\oneceo\apps\api\src\services\osac-connection-manager.ts:141:20)
[OSAC_HEALTHCHECK_ERROR] sess_172aef584943452d Unexpected server response: 503
[OSAC_RECONNECT_ERROR] sess_172aef584943452d 20  Error: Unexpected server response: 503
    at Object.connectForSession (D:\project\oneceo.ai\oneceo\apps\api\src\connectors\osac-connector.ts:615:11)
    at process.processTicksAndRejections (node:internal/process/task_queues:103:5)
    at async OsacConnectionManager.createConnection (D:\project\oneceo.ai\oneceo\apps\api\src\services\osac-connection-manager.ts:141:20)
[OSAC_RELAY_FALLBACK] sess_35ff684915754d7c VM is not running
[OSAC_RELAY_FALLBACK] sess_172aef584943452d Rate limit exceeded
[OSAC_RELAY_FALLBACK] sess_172aef584943452d Rate limit exceeded
[OSAC_HEALTHCHECK_ERROR] sess_36869b6bbec94a41 Session 'sess_36869b6bbec94a41' not found
[OSAC_RECONNECT_ERROR] sess_36869b6bbec94a41 32  Error: Session 'sess_36869b6bbec94a41' not found
    at Object.connectForSession (D:\project\oneceo.ai\oneceo\apps\api\src\connectors\osac-connector.ts:615:11)
    at process.processTicksAndRejections (node:internal/process/task_queues:103:5)
    at async OsacConnectionManager.createConnection (D:\project\oneceo.ai\oneceo\apps\api\src\services\osac-connection-manager.ts:141:20)
[OSAC_RELAY_FALLBACK] sess_35ff684915754d7c VM is not running
[OSAC_RELAY_FALLBACK] sess_172aef584943452d Rate limit exceeded
[OSAC_RELAY_FALLBACK] sess_172aef584943452d Rate limit exceeded
[OSAC_RECONNECT_ERROR] sess_172aef584943452d 21  Error: connect ECONNREFUSED 192.168.10.172:18080
    at Object.connectForSession (D:\project\oneceo.ai\oneceo\apps\api\src\connectors\osac-connector.ts:615:11)
    at process.processTicksAndRejections (node:internal/process/task_queues:103:5)
    at async OsacConnectionManager.createConnection (D:\project\oneceo.ai\oneceo\apps\api\src\services\osac-connection-manager.ts:141:20)
[OSAC_RECONNECT_ERROR] sess_36869b6bbec94a41 33  Error: Session 'sess_36869b6bbec94a41' not found
    at Object.connectForSession (D:\project\oneceo.ai\oneceo\apps\api\src\connectors\osac-connector.ts:615:11)
    at process.processTicksAndRejections (node:internal/process/task_queues:103:5)
    at async OsacConnectionManager.createConnection (D:\project\oneceo.ai\oneceo\apps\api\src\services\osac-connection-manager.ts:141:20)
[OSAC_RELAY_FALLBACK] sess_172aef584943452d Rate limit exceeded
[OSAC_HEALTHCHECK_ERROR] sess_172aef584943452d Unexpected server response: 503
[OSAC_RECONNECT_ERROR] sess_172aef584943452d 22  Error: Unexpected server response: 503
    at Object.connectForSession (D:\project\oneceo.ai\oneceo\apps\api\src\connectors\osac-connector.ts:615:11)
    at process.processTicksAndRejections (node:internal/process/task_queues:103:5)
    at async OsacConnectionManager.createConnection (D:\project\oneceo.ai\oneceo\apps\api\src\services\osac-connection-manager.ts:141:20)
[OSAC_RELAY_FALLBACK] sess_172aef584943452d Rate limit exceeded
[OSAC_RECONNECT_ERROR] sess_36869b6bbec94a41 34  Error: Rate limit exceeded
    at Object.connectForSession (D:\project\oneceo.ai\oneceo\apps\api\src\connectors\osac-connector.ts:615:11)
    at process.processTicksAndRejections (node:internal/process/task_queues:103:5)
    at async OsacConnectionManager.createConnection (D:\project\oneceo.ai\oneceo\apps\api\src\services\osac-connection-manager.ts:141:20)
[OSAC_RELAY_FALLBACK] sess_35ff684915754d7c VM is not running
[OSAC_RELAY_FALLBACK] sess_172aef584943452d Rate limit exceeded
[OSAC_RELAY_FALLBACK] sess_172aef584943452d Rate limit exceeded
[OSAC_RELAY_FALLBACK] sess_172aef584943452d Rate limit exceeded
[OSAC_RELAY_FALLBACK] sess_35ff684915754d7c Rate limit exceeded
[OSAC_HEALTHCHECK_ERROR] sess_36869b6bbec94a41 Session 'sess_36869b6bbec94a41' not found
[OSAC_RECONNECT_ERROR] sess_36869b6bbec94a41 35  Error: Session 'sess_36869b6bbec94a41' not found
    at Object.connectForSession (D:\project\oneceo.ai\oneceo\apps\api\src\connectors\osac-connector.ts:615:11)
    at process.processTicksAndRejections (node:internal/process/task_queues:103:5)
    at async OsacConnectionManager.createConnection (D:\project\oneceo.ai\oneceo\apps\api\src\services\osac-connection-manager.ts:141:20)
[OSAC_RECONNECT_ERROR] sess_172aef584943452d 23  Error: connect ECONNREFUSED 192.168.10.172:18080
    at Object.connectForSession (D:\project\oneceo.ai\oneceo\apps\api\src\connectors\osac-connector.ts:615:11)
    at process.processTicksAndRejections (node:internal/process/task_queues:103:5)
    at async OsacConnectionManager.createConnection (D:\project\oneceo.ai\oneceo\apps\api\src\services\osac-connection-manager.ts:141:20)
[OSAC_RELAY_FALLBACK] sess_172aef584943452d Rate limit exceeded
[OSAC_RECONNECT_ERROR] sess_35ff684915754d7c 2  Error: OSAC WebSocket 连接超时
    at Object.connectForSession (D:\project\oneceo.ai\oneceo\apps\api\src\connectors\osac-connector.ts:615:11)
    at process.processTicksAndRejections (node:internal/process/task_queues:103:5)
    at async OsacConnectionManager.createConnection (D:\project\oneceo.ai\oneceo\apps\api\src\services\osac-connection-manager.ts:141:20)
[OSAC_PERSISTENT_CONNECT_ERROR] sess_35ff684915754d7c Error: OSAC WebSocket 连接超时
    at Object.connectForSession (D:\project\oneceo.ai\oneceo\apps\api\src\connectors\osac-connector.ts:615:11)
    at process.processTicksAndRejections (node:internal/process/task_queues:103:5)
    at async OsacConnectionManager.createConnection (D:\project\oneceo.ai\oneceo\apps\api\src\services\osac-connection-manager.ts:141:20)
[WebSocket] 消息处理失败: Error: OSAC WebSocket 连接超时
    at Object.connectForSession (D:\project\oneceo.ai\oneceo\apps\api\src\connectors\osac-connector.ts:615:11)
    at process.processTicksAndRejections (node:internal/process/task_queues:103:5)
    at async OsacConnectionManager.createConnection (D:\project\oneceo.ai\oneceo\apps\api\src\services\osac-connection-manager.ts:141:20) {
  __clientNotified: true
}
[OSAC_RELAY_FALLBACK] sess_172aef584943452d Rate limit exceeded
[OSAC_RECONNECT_ERROR] sess_36869b6bbec94a41 36  Error: Session 'sess_36869b6bbec94a41' not found
    at Object.connectForSession (D:\project\oneceo.ai\oneceo\apps\api\src\connectors\osac-connector.ts:615:11)
    at process.processTicksAndRejections (node:internal/process/task_queues:103:5)
    at async OsacConnectionManager.createConnection (D:\project\oneceo.ai\oneceo\apps\api\src\services\osac-connection-manager.ts:141:20)
[OSAC_HEALTHCHECK_ERROR] sess_172aef584943452d Unexpected server response: 503
[OSAC_RECONNECT_ERROR] sess_172aef584943452d 24  Error: Unexpected server response: 503
    at Object.connectForSession (D:\project\oneceo.ai\oneceo\apps\api\src\connectors\osac-connector.ts:615:11)
    at process.processTicksAndRejections (node:internal/process/task_queues:103:5)
    at async OsacConnectionManager.createConnection (D:\project\oneceo.ai\oneceo\apps\api\src\services\osac-connection-manager.ts:141:20)
[OSAC_RELAY_FALLBACK] sess_172aef584943452d Rate limit exceeded
[OSAC_RELAY_FALLBACK] sess_35ff684915754d7c Rate limit exceeded
[OSAC_RELAY_FALLBACK] sess_172aef584943452d Rate limit exceeded
[OSAC_HEALTHCHECK_ERROR] sess_36869b6bbec94a41 Session 'sess_36869b6bbec94a41' not found
[OSAC_RECONNECT_ERROR] sess_36869b6bbec94a41 37  Error: Session 'sess_36869b6bbec94a41' not found
    at Object.connectForSession (D:\project\oneceo.ai\oneceo\apps\api\src\connectors\osac-connector.ts:615:11)
    at process.processTicksAndRejections (node:internal/process/task_queues:103:5)
    at async OsacConnectionManager.createConnection (D:\project\oneceo.ai\oneceo\apps\api\src\services\osac-connection-manager.ts:141:20)
[OSAC_RELAY_FALLBACK] sess_172aef584943452d Rate limit exceeded
[OSAC_RELAY_FALLBACK] sess_35ff684915754d7c VM is not running
[OSAC_RELAY_FALLBACK] sess_35ff684915754d7c VM is not running
[OSAC_RELAY_FALLBACK] sess_35ff684915754d7c VM is not running
[OSAC_RELAY_FALLBACK] sess_35ff684915754d7c VM is not running
[OSAC_RELAY_FALLBACK] sess_35ff684915754d7c VM is not running
[OSAC_RELAY_FALLBACK] sess_35ff684915754d7c VM is not running
[OSAC_RELAY_FALLBACK] sess_35ff684915754d7c VM is not running
[OSAC_RELAY_FALLBACK] sess_35ff684915754d7c VM is not running
[OSAC_RELAY_FALLBACK] sess_35ff684915754d7c VM is not running
[OSAC_RELAY_FALLBACK] sess_35ff684915754d7c VM is not running
[OSAC_RELAY_FALLBACK] sess_35ff684915754d7c VM is not running
[OSAC_RELAY_FALLBACK] sess_35ff684915754d7c VM is not running
[OSAC_RELAY_FALLBACK] sess_35ff684915754d7c VM is not running
[OSAC_RELAY_FALLBACK] sess_35ff684915754d7c VM is not running
[OSAC_RELAY_FALLBACK] sess_35ff684915754d7c VM is not running
[OSAC_PERSISTENT_CONNECT_ERROR] sess_35ff684915754d7c Error: OSAC WebSocket 连接超时
    at Object.connectForSession (D:\project\oneceo.ai\oneceo\apps\api\src\connectors\osac-connector.ts:615:11)
    at process.processTicksAndRejections (node:internal/process/task_queues:103:5)
    at async OsacConnectionManager.createConnection (D:\project\oneceo.ai\oneceo\apps\api\src\services\osac-connection-manager.ts:141:20)
    at async OsacConnectionManager.ensurePersistent (D:\project\oneceo.ai\oneceo\apps\api\src\services\osac-connection-manager.ts:379:9)
    at async OsacPersistentRecoveryService.runRecoveryCycle (D:\project\oneceo.ai\oneceo\apps\api\src\services\osac-persistent-recovery-service.ts:145:29)
    at async OsacPersistentRecoveryService.recoverReadySessions (D:\project\oneceo.ai\oneceo\apps\api\src\services\osac-persistent-recovery-service.ts:201:5)
[OSAC_RELAY_FALLBACK] sess_35ff684915754d7c VM is not running
[OSAC_RELAY_FALLBACK] sess_35ff684915754d7c VM is not running
[OSAC_RELAY_FALLBACK] sess_35ff684915754d7c VM is not running
[OSAC_RELAY_FALLBACK] sess_35ff684915754d7c VM is not running
[OSAC_HEALTHCHECK_PING_TIMEOUT] sess_35ff684915754d7c OSAC WebSocket ping 超时
[OSAC_HEALTHCHECK_PING_TIMEOUT] sess_35ff684915754d7c OSAC WebSocket ping 超时
[OSAC_HEALTHCHECK_PING_TIMEOUT] sess_35ff684915754d7c OSAC WebSocket ping 超时
[OSAC_RELAY_FALLBACK] sess_172aef584943452d Rate limit exceeded
[OSAC_HEALTHCHECK_PING_TIMEOUT] sess_35ff684915754d7c OSAC WebSocket ping 超时
[OSAC_HEALTHCHECK_PING_TIMEOUT] sess_35ff684915754d7c OSAC WebSocket ping 超时
[OSAC_HEALTHCHECK_PING_TIMEOUT] sess_35ff684915754d7c OSAC WebSocket ping 超时
[OSAC_RELAY_FALLBACK] sess_172aef584943452d Rate limit exceeded
[OSAC_HEALTHCHECK_PING_TIMEOUT] sess_35ff684915754d7c OSAC WebSocket ping 超时
[OSAC_RELAY_FALLBACK] sess_172aef584943452d Rate limit exceeded
[OSAC_HEALTHCHECK_PING_TIMEOUT] sess_35ff684915754d7c OSAC WebSocket ping 超时
[OSAC_RELAY_FALLBACK] sess_172aef584943452d Rate limit exceeded
[OSAC_HEALTHCHECK_PING_TIMEOUT] sess_35ff684915754d7c OSAC WebSocket ping 超时
[OSAC_PERSISTENT_CONNECT_ERROR] sess_172aef584943452d Error: Unexpected server response: 503
    at Object.connectForSession (D:\project\oneceo.ai\oneceo\apps\api\src\connectors\osac-connector.ts:615:11)
    at process.processTicksAndRejections (node:internal/process/task_queues:103:5)
    at async OsacConnectionManager.createConnection (D:\project\oneceo.ai\oneceo\apps\api\src\services\osac-connection-manager.ts:141:20)
    at async OsacConnectionManager.ensurePersistent (D:\project\oneceo.ai\oneceo\apps\api\src\services\osac-connection-manager.ts:379:9)
    at async OsacPersistentRecoveryService.runRecoveryCycle (D:\project\oneceo.ai\oneceo\apps\api\src\services\osac-persistent-recovery-service.ts:145:29)
    at async OsacPersistentRecoveryService.recoverReadySessions (D:\project\oneceo.ai\oneceo\apps\api\src\services\osac-persistent-recovery-service.ts:201:5)
[OSAC_HEALTHCHECK_ERROR] sess_35ff684915754d7c OSAC WebSocket 已断开
[OSAC_RELAY_FALLBACK] sess_172aef584943452d Rate limit exceeded
[OSAC_RELAY_FALLBACK] sess_172aef584943452d Rate limit exceeded
[OSAC_HEALTHCHECK_PING_TIMEOUT] sess_35ff684915754d7c OSAC WebSocket ping 超时
[OSAC_PERSISTENT_CONNECT_ERROR] sess_172aef584943452d Error: Unexpected server response: 503
    at Object.connectForSession (D:\project\oneceo.ai\oneceo\apps\api\src\connectors\osac-connector.ts:615:11)
    at process.processTicksAndRejections (node:internal/process/task_queues:103:5)
    at async OsacConnectionManager.createConnection (D:\project\oneceo.ai\oneceo\apps\api\src\services\osac-connection-manager.ts:141:20)
    at async OsacConnectionManager.ensurePersistent (D:\project\oneceo.ai\oneceo\apps\api\src\services\osac-connection-manager.ts:379:9)
    at async OsacPersistentRecoveryService.runRecoveryCycle (D:\project\oneceo.ai\oneceo\apps\api\src\services\osac-persistent-recovery-service.ts:145:29)
    at async OsacPersistentRecoveryService.recoverReadySessions (D:\project\oneceo.ai\oneceo\apps\api\src\services\osac-persistent-recovery-service.ts:201:5)
[OSAC_HEALTHCHECK_PING_TIMEOUT] sess_35ff684915754d7c OSAC WebSocket ping 超时
[OSAC_HEALTHCHECK_PING_TIMEOUT] sess_35ff684915754d7c OSAC WebSocket ping 超时
[OSAC_HEALTHCHECK_PING_TIMEOUT] sess_35ff684915754d7c OSAC WebSocket ping 超时
[OSAC_PERSISTENT_CONNECT_ERROR] sess_172aef584943452d Error: Unexpected server response: 503
    at Object.connectForSession (D:\project\oneceo.ai\oneceo\apps\api\src\connectors\osac-connector.ts:615:11)
    at process.processTicksAndRejections (node:internal/process/task_queues:103:5)
    at async OsacConnectionManager.createConnection (D:\project\oneceo.ai\oneceo\apps\api\src\services\osac-connection-manager.ts:141:20)
    at async OsacConnectionManager.ensurePersistent (D:\project\oneceo.ai\oneceo\apps\api\src\services\osac-connection-manager.ts:379:9)
    at async OsacPersistentRecoveryService.runRecoveryCycle (D:\project\oneceo.ai\oneceo\apps\api\src\services\osac-persistent-recovery-service.ts:145:29)
    at async OsacPersistentRecoveryService.recoverReadySessions (D:\project\oneceo.ai\oneceo\apps\api\src\services\osac-persistent-recovery-service.ts:201:5)
[OSAC_RELAY_FALLBACK] sess_172aef584943452d Rate limit exceeded
[OSAC_HEALTHCHECK_PING_TIMEOUT] sess_35ff684915754d7c OSAC WebSocket ping 超时
[OSAC_RELAY_FALLBACK] sess_172aef584943452d Rate limit exceeded
[OSAC_HEALTHCHECK_PING_TIMEOUT] sess_35ff684915754d7c OSAC WebSocket ping 超时
[OSAC_RELAY_FALLBACK] sess_172aef584943452d Rate limit exceeded
[OSAC_HEALTHCHECK_PING_TIMEOUT] sess_35ff684915754d7c OSAC WebSocket ping 超时
[OSAC_HEALTHCHECK_PING_TIMEOUT] sess_35ff684915754d7c OSAC WebSocket ping 超时
[OSAC_RELAY_FALLBACK] sess_172aef584943452d Rate limit exceeded
[OSAC_HEALTHCHECK_PING_TIMEOUT] sess_35ff684915754d7c OSAC WebSocket ping 超时
[OSAC_HEALTHCHECK_PING_TIMEOUT] sess_35ff684915754d7c OSAC WebSocket ping 超时
[OSAC_HEALTHCHECK_PING_TIMEOUT] sess_35ff684915754d7c OSAC WebSocket ping 超时
[OSAC_HEALTHCHECK_PING_TIMEOUT] sess_35ff684915754d7c OSAC WebSocket ping 超时
[OSAC_HEALTHCHECK_ERROR] sess_35ff684915754d7c OSAC WebSocket 已断开
[OSAC_PERSISTENT_CONNECT_ERROR] sess_172aef584943452d Error: Unexpected server response: 503
    at Object.connectForSession (D:\project\oneceo.ai\oneceo\apps\api\src\connectors\osac-connector.ts:615:11)
    at process.processTicksAndRejections (node:internal/process/task_queues:103:5)
    at async OsacConnectionManager.createConnection (D:\project\oneceo.ai\oneceo\apps\api\src\services\osac-connection-manager.ts:141:20)
    at async OsacConnectionManager.ensurePersistent (D:\project\oneceo.ai\oneceo\apps\api\src\services\osac-connection-manager.ts:379:9)
    at async OsacPersistentRecoveryService.runRecoveryCycle (D:\project\oneceo.ai\oneceo\apps\api\src\services\osac-persistent-recovery-service.ts:145:29)
    at async OsacPersistentRecoveryService.recoverReadySessions (D:\project\oneceo.ai\oneceo\apps\api\src\services\osac-persistent-recovery-service.ts:201:5)
[OSAC_HEALTHCHECK_PING_TIMEOUT] sess_35ff684915754d7c OSAC WebSocket ping 超时
[OSAC_HEALTHCHECK_PING_TIMEOUT] sess_35ff684915754d7c OSAC WebSocket ping 超时
[OSAC_HEALTHCHECK_PING_TIMEOUT] sess_35ff684915754d7c OSAC WebSocket ping 超时
[OSAC_HEALTHCHECK_ERROR] sess_35ff684915754d7c OSAC WebSocket 已断开
[OSAC_HEALTHCHECK_PING_TIMEOUT] sess_35ff684915754d7c OSAC WebSocket ping 超时
[OSAC_HEALTHCHECK_PING_TIMEOUT] sess_35ff684915754d7c OSAC WebSocket ping 超时
[OSAC_HEALTHCHECK_PING_TIMEOUT] sess_35ff684915754d7c OSAC WebSocket ping 超时
[OSAC_HEALTHCHECK_PING_TIMEOUT] sess_35ff684915754d7c OSAC WebSocket ping 超时
[OSAC_HEALTHCHECK_PING_TIMEOUT] sess_35ff684915754d7c OSAC WebSocket ping 超时
[OSAC_HEALTHCHECK_PING_TIMEOUT] sess_35ff684915754d7c OSAC WebSocket ping 超时
[OSAC_HEALTHCHECK_PING_TIMEOUT] sess_35ff684915754d7c OSAC WebSocket ping 超时
[OSAC_HEALTHCHECK_PING_TIMEOUT] sess_35ff684915754d7c OSAC WebSocket ping 超时
[OSAC_HEALTHCHECK_PING_TIMEOUT] sess_35ff684915754d7c OSAC WebSocket ping 超时
[OSAC_HEALTHCHECK_PING_TIMEOUT] sess_35ff684915754d7c OSAC WebSocket ping 超时
[OSAC_HEALTHCHECK_PING_TIMEOUT] sess_35ff684915754d7c OSAC WebSocket ping 超时
[OSAC_HEALTHCHECK_PING_TIMEOUT] sess_35ff684915754d7c OSAC WebSocket ping 超时
[OSAC_HEALTHCHECK_PING_TIMEOUT] sess_35ff684915754d7c OSAC WebSocket ping 超时
[OSAC_HEALTHCHECK_PING_TIMEOUT] sess_35ff684915754d7c OSAC WebSocket ping 超时
[OSAC_HEALTHCHECK_PING_TIMEOUT] sess_35ff684915754d7c OSAC WebSocket ping 超时
[OSAC_HEALTHCHECK_PING_TIMEOUT] sess_35ff684915754d7c OSAC WebSocket ping 超时
[OSAC_HEALTHCHECK_PING_TIMEOUT] sess_35ff684915754d7c OSAC WebSocket ping 超时
[OSAC_HEALTHCHECK_PING_TIMEOUT] sess_35ff684915754d7c OSAC WebSocket ping 超时
[OSAC_HEALTHCHECK_PING_TIMEOUT] sess_35ff684915754d7c OSAC WebSocket ping 超时
[OSAC_HEALTHCHECK_PING_TIMEOUT] sess_35ff684915754d7c OSAC WebSocket ping 超时
[OSAC_HEALTHCHECK_PING_TIMEOUT] sess_35ff684915754d7c OSAC WebSocket ping 超时
[OSAC_HEALTHCHECK_PING_TIMEOUT] sess_35ff684915754d7c OSAC WebSocket ping 超时
[OSAC_HEALTHCHECK_PING_TIMEOUT] sess_35ff684915754d7c OSAC WebSocket ping 超时
[OSAC_HEALTHCHECK_PING_TIMEOUT] sess_35ff684915754d7c OSAC WebSocket ping 超时
[OSAC_HEALTHCHECK_PING_TIMEOUT] sess_35ff684915754d7c OSAC WebSocket ping 超时
[OSAC_HEALTHCHECK_PING_TIMEOUT] sess_35ff684915754d7c OSAC WebSocket ping 超时
[OSAC_HEALTHCHECK_PING_TIMEOUT] sess_35ff684915754d7c OSAC WebSocket ping 超时
[OSAC_HEALTHCHECK_PING_TIMEOUT] sess_35ff684915754d7c OSAC WebSocket ping 超时
[OSAC_HEALTHCHECK_PING_TIMEOUT] sess_35ff684915754d7c OSAC WebSocket ping 超时
[OSAC_HEALTHCHECK_PING_TIMEOUT] sess_35ff684915754d7c OSAC WebSocket ping 超时
[OSAC_HEALTHCHECK_PING_TIMEOUT] sess_35ff684915754d7c OSAC WebSocket ping 超时
[OSAC_HEALTHCHECK_PING_TIMEOUT] sess_35ff684915754d7c OSAC WebSocket ping 超时
[OSAC_HEALTHCHECK_PING_TIMEOUT] sess_35ff684915754d7c OSAC WebSocket ping 超时
[OSAC_HEALTHCHECK_PING_TIMEOUT] sess_35ff684915754d7c OSAC WebSocket ping 超时
[OSAC_HEALTHCHECK_ERROR] sess_35ff684915754d7c OSAC WebSocket 已断开
[OSAC_FIXED_READY_GATE_BYPASS] {"sessionId":"sess_35ff684915754d7c","vmName":"test_session_manual_use","reason":"timeout"}
[OSAC_HEALTHCHECK_PING_TIMEOUT] sess_35ff684915754d7c OSAC WebSocket ping 超时
[OSAC_HEALTHCHECK_PING_TIMEOUT] sess_35ff684915754d7c OSAC WebSocket ping 超时
[OSAC_HEALTHCHECK_PING_TIMEOUT] sess_35ff684915754d7c OSAC WebSocket ping 超时
[OSAC_HEALTHCHECK_PING_TIMEOUT] sess_35ff684915754d7c OSAC WebSocket ping 超时
[OSAC_HEALTHCHECK_PING_TIMEOUT] sess_35ff684915754d7c OSAC WebSocket ping 超时
[OSAC_HEALTHCHECK_PING_TIMEOUT] sess_35ff684915754d7c OSAC WebSocket ping 超时
[OSAC_HEALTHCHECK_PING_TIMEOUT] sess_35ff684915754d7c OSAC WebSocket ping 超时
[OSAC_HEALTHCHECK_PING_TIMEOUT] sess_35ff684915754d7c OSAC WebSocket ping 超时
[OSAC_HEALTHCHECK_ERROR] sess_35ff684915754d7c OSAC WebSocket 已断开
[OSAC_HEALTHCHECK_PING_TIMEOUT] sess_35ff684915754d7c OSAC WebSocket ping 超时
[OSAC_HEALTHCHECK_PING_TIMEOUT] sess_35ff684915754d7c OSAC WebSocket ping 超时
[OSAC_HEALTHCHECK_PING_TIMEOUT] sess_35ff684915754d7c OSAC WebSocket ping 超时
[OSAC_HEALTHCHECK_PING_TIMEOUT] sess_35ff684915754d7c OSAC WebSocket ping 超时
[OSAC_HEALTHCHECK_PING_TIMEOUT] sess_35ff684915754d7c OSAC WebSocket ping 超时
[OSAC_HEALTHCHECK_PING_TIMEOUT] sess_35ff684915754d7c OSAC WebSocket ping 超时
[OSAC_HEALTHCHECK_PING_TIMEOUT] sess_35ff684915754d7c OSAC WebSocket ping 超时
[OSAC_HEALTHCHECK_ERROR] sess_35ff684915754d7c OSAC WebSocket 已断开
[OSAC_HEALTHCHECK_PING_TIMEOUT] sess_35ff684915754d7c OSAC WebSocket ping 超时
[OSAC_HEALTHCHECK_PING_TIMEOUT] sess_35ff684915754d7c OSAC WebSocket ping 超时
[OSAC_HEALTHCHECK_PING_TIMEOUT] sess_35ff684915754d7c OSAC WebSocket ping 超时
[OSAC_FIXED_READY_GATE_BYPASS] {"sessionId":"sess_35ff684915754d7c","vmName":"test_session_manual_use","reason":"unknown"}
[OSAC_HEALTHCHECK_PING_TIMEOUT] sess_35ff684915754d7c OSAC WebSocket ping 超时
[OSAC_HEALTHCHECK_PING_TIMEOUT] sess_35ff684915754d7c OSAC WebSocket ping 超时
[OSAC_HEALTHCHECK_PING_TIMEOUT] sess_35ff684915754d7c OSAC WebSocket ping 超时
[WebSocket] 消息处理失败: Error: OSAC 请求超时
    at Timeout._onTimeout (D:\project\oneceo.ai\oneceo\apps\api\src\clients\osac-client.ts:440:16)
    at listOnTimeout (node:internal/timers:605:17)
    at process.processTimers (node:internal/timers:541:7) {
  __clientNotified: true
}
[OSAC_HEALTHCHECK_PING_TIMEOUT] sess_35ff684915754d7c OSAC WebSocket ping 超时
[OSAC_HEALTHCHECK_PING_TIMEOUT] sess_35ff684915754d7c OSAC WebSocket ping 超时
[OSAC_HEALTHCHECK_PING_TIMEOUT] sess_35ff684915754d7c OSAC WebSocket ping 超时
[OSAC_HEALTHCHECK_PING_TIMEOUT] sess_35ff684915754d7c OSAC WebSocket ping 超时
[OSAC_HEALTHCHECK_ERROR] sess_35ff684915754d7c OSAC WebSocket 已断开
[OSAC_HEALTHCHECK_PING_TIMEOUT] sess_35ff684915754d7c OSAC WebSocket ping 超时
[OSAC_HEALTHCHECK_PING_TIMEOUT] sess_35ff684915754d7c OSAC WebSocket ping 超时
[OSAC_HEALTHCHECK_ERROR] sess_35ff684915754d7c OSAC WebSocket 已断开
[OSAC_HEALTHCHECK_PING_TIMEOUT] sess_35ff684915754d7c OSAC WebSocket ping 超时
[OSAC_HEALTHCHECK_PING_TIMEOUT] sess_35ff684915754d7c OSAC WebSocket ping 超时
[OSAC_HEALTHCHECK_ERROR] sess_35ff684915754d7c OSAC WebSocket 已断开
[OSAC_HEALTHCHECK_PING_TIMEOUT] sess_35ff684915754d7c OSAC WebSocket ping 超时
[OSAC_HEALTHCHECK_PING_TIMEOUT] sess_35ff684915754d7c OSAC WebSocket ping 超时
node:events:486
      throw er; // Unhandled 'error' event
      ^

Error: listen EADDRINUSE: address already in use :::4000
    at Server.setupListenHandle [as _listen2] (node:net:1940:16)
    at listenInCluster (node:net:1997:12)
    at Server.listen (node:net:2102:7)
    at <anonymous> (D:\project\oneceo.ai\oneceo\apps\api\src\index.ts:173:12)
    at ModuleJob.run (node:internal/modules/esm/module_job:430:25)
    at async onImport.tracePromise.__proto__ (node:internal/modules/esm/loader:661:26)
    at async asyncRunEntryPointWithESMLoader (node:internal/modules/run_main:101:5)
Emitted 'error' event on WebSocketServer instance at:
    at Server.emit (node:events:508:28)
    at emitErrorNT (node:net:1976:8)
    at process.processTicksAndRejections (node:internal/process/task_queues:89:21) {
  code: 'EADDRINUSE',
  errno: -4091,
  syscall: 'listen',
  address: '::',
  port: 4000
}

Node.js v24.13.1
[OSAC_FIXED_READY_GATE_BYPASS] {"sessionId":"sess_35ff684915754d7c","vmName":"test_session_manual_use","reason":"timeout"}
