
🚀 oneceo.ai API Server
━━━━━━━━━━━━━━━━━━━━━━━━━━━━━━━━━━━━━━━━━━━━━
📡 API server running on http://localhost:4000
🔌 WebSocket server running on ws://localhost:4000
🔌 Task Creation WebSocket: ws://localhost:4000/ws/task-creation
🏥 Health check: http://localhost:4000/health
━━━━━━━━━━━━━━━━━━━━━━━━━━━━━━━━━━━━━━━━━━━━━

✅ 数据库连接成功
[2026-02-18T03:03:52.425Z] POST /api/sandbox/osac/provision
✅ 数据库连接成功
✅ 数据库连接成功
✅ 数据库连接成功
✅ 数据库连接成功
[OSAC_RECV] {"sessionId":"sess_bc6d1d3dabc54617","type":"HEARTBEAT","requestId":null,"path":null,"status":"idle"}
✅ 数据库连接成功
✅ 数据库连接成功
✅ 数据库连接成功
✅ 数据库连接成功
[OSAC_RECV] {"sessionId":"sess_bc6d1d3dabc54617","type":"HEARTBEAT","requestId":null,"path":null,"status":"idle"}
✅ 数据库连接成功
✅ 数据库连接成功
✅ 数据库连接成功
✅ 数据库连接成功
✅ 数据库连接成功
[OSAC_RECV] {"sessionId":"sess_bc6d1d3dabc54617","type":"HEARTBEAT","requestId":null,"path":null,"status":"idle"}
✅ 数据库连接成功
✅ 数据库连接成功
✅ 数据库连接成功
✅ 数据库连接成功
[OSAC_RECV] {"sessionId":"sess_bc6d1d3dabc54617","type":"HEARTBEAT","requestId":null,"path":null,"status":"idle"}
✅ 数据库连接成功
✅ 数据库连接成功
✅ 数据库连接成功
✅ 数据库连接成功
[OSAC_RECV] {"sessionId":"sess_bc6d1d3dabc54617","type":"HEARTBEAT","requestId":null,"path":null,"status":"idle"}
[OSAC_RECV] {"sessionId":"sess_bc6d1d3dabc54617","type":"HEARTBEAT","requestId":null,"path":null,"status":"idle"}
✅ 数据库连接成功
✅ 数据库连接成功
[OSAC_RECV] {"sessionId":"sess_bc6d1d3dabc54617","type":"HEARTBEAT","requestId":null,"path":null,"status":"idle"}
✅ 数据库连接成功
✅ 数据库连接成功
✅ 数据库连接成功
✅ 数据库连接成功
✅ 数据库连接成功
✅ 数据库连接成功
[OSAC_RECV] {"sessionId":"sess_bc6d1d3dabc54617","type":"HEARTBEAT","requestId":null,"path":null,"status":"idle"}
✅ 数据库连接成功
✅ 数据库连接成功
✅ 数据库连接成功
[OSAC_RECV] {"sessionId":"sess_bc6d1d3dabc54617","type":"HEARTBEAT","requestId":null,"path":null,"status":"idle"}
[OSAC_RECV] {"sessionId":"sess_bc6d1d3dabc54617","type":"HEARTBEAT","requestId":null,"path":null,"status":"idle"}
✅ 数据库连接成功
✅ 数据库连接成功
✅ 数据库连接成功
✅ 数据库连接成功
✅ 数据库连接成功
[OSAC_RECV] {"sessionId":"sess_bc6d1d3dabc54617","type":"HEARTBEAT","requestId":null,"path":null,"status":"idle"}
✅ 数据库连接成功
✅ 数据库连接成功
[OSAC_RECV] {"sessionId":"sess_bc6d1d3dabc54617","type":"HEARTBEAT","requestId":null,"path":null,"status":"idle"}
✅ 数据库连接成功
✅ 数据库连接成功
✅ 数据库连接成功
[OSAC_RECV] {"sessionId":"sess_bc6d1d3dabc54617","type":"HEARTBEAT","requestId":null,"path":null,"status":"idle"}
✅ 数据库连接成功
[OSAC_RECV] {"sessionId":"sess_bc6d1d3dabc54617","type":"HEARTBEAT","requestId":null,"path":null,"status":"idle"}
[OSAC_RECV] {"sessionId":"sess_bc6d1d3dabc54617","type":"HEARTBEAT","requestId":null,"path":null,"status":"idle"}
[OSAC_RECV] {"sessionId":"sess_bc6d1d3dabc54617","type":"HEARTBEAT","requestId":null,"path":null,"status":"idle"}
[OSAC_RECV] {"sessionId":"sess_bc6d1d3dabc54617","type":"HEARTBEAT","requestId":null,"path":null,"status":"idle"}
[OSAC_RECV] {"sessionId":"sess_bc6d1d3dabc54617","type":"HEARTBEAT","requestId":null,"path":null,"status":"idle"}
[OSAC_RECV] {"sessionId":"sess_bc6d1d3dabc54617","type":"HEARTBEAT","requestId":null,"path":null,"status":"idle"}
[OSAC_RECV] {"sessionId":"sess_bc6d1d3dabc54617","type":"HEARTBEAT","requestId":null,"path":null,"status":"idle"}
[OSAC_RECV] {"sessionId":"sess_bc6d1d3dabc54617","type":"HEARTBEAT","requestId":null,"path":null,"status":"idle"}
