[OSAC_RECONNECT_ERROR] sess_4fb5239668d94b6f Error: Unexpected server response: 401
    at Object.connectForSession (D:\project\oneceo.ai\oneceo\apps\api\src\connectors\osac-connector.ts:200:11)
    at process.processTicksAndRejections (node:internal/process/task_queues:95:5)
    at OsacConnectionManager.createConnection (D:\project\oneceo.ai\oneceo\apps\api\src\services\osac-connection-manager.ts:58:20)
    at OsacConnectionManager.getConnection (D:\project\oneceo.ai\oneceo\apps\api\src\services\osac-connection-manager.ts:48:21)
[OSAC_RECONNECT_ERROR] sess_4fb5239668d94b6f Error: Unexpected server response: 401
    at Object.connectForSession (D:\project\oneceo.ai\oneceo\apps\api\src\connectors\osac-connector.ts:200:11)
    at process.processTicksAndRejections (node:internal/process/task_queues:95:5)
    at OsacConnectionManager.createConnection (D:\project\oneceo.ai\oneceo\apps\api\src\services\osac-connection-manager.ts:58:20)
[OSAC_RECONNECT_ERROR] sess_4fb5239668d94b6f Error: Unexpected server response: 401
    at Object.connectForSession (D:\project\oneceo.ai\oneceo\apps\api\src\connectors\osac-connector.ts:200:11)
    at process.processTicksAndRejections (node:internal/process/task_queues:95:5)
    at OsacConnectionManager.createConnection (D:\project\oneceo.ai\oneceo\apps\api\src\services\osac-connection-manager.ts:58:20)
    at OsacConnectionManager.getConnection (D:\project\oneceo.ai\oneceo\apps\api\src\services\osac-connection-manager.ts:48:21)
[OSAC_RECONNECT_ERROR] sess_4fb5239668d94b6f Error: Unexpected server response: 401
    at Object.connectForSession (D:\project\oneceo.ai\oneceo\apps\api\src\connectors\osac-connector.ts:200:11)
    at process.processTicksAndRejections (node:internal/process/task_queues:95:5)
    at OsacConnectionManager.createConnection (D:\project\oneceo.ai\oneceo\apps\api\src\services\osac-connection-manager.ts:58:20)
    at OsacConnectionManager.getConnection (D:\project\oneceo.ai\oneceo\apps\api\src\services\osac-connection-manager.ts:48:21)
[OSAC_RECONNECT_ERROR] sess_4fb5239668d94b6f Error: Unexpected server response: 401
    at Object.connectForSession (D:\project\oneceo.ai\oneceo\apps\api\src\connectors\osac-connector.ts:200:11)
    at process.processTicksAndRejections (node:internal/process/task_queues:95:5)
    at OsacConnectionManager.createConnection (D:\project\oneceo.ai\oneceo\apps\api\src\services\osac-connection-manager.ts:58:20)
[OSAC_RECONNECT_ERROR] sess_4fb5239668d94b6f Error: Unexpected server response: 401
    at Object.connectForSession (D:\project\oneceo.ai\oneceo\apps\api\src\connectors\osac-connector.ts:200:11)
    at process.processTicksAndRejections (node:internal/process/task_queues:95:5)
    at OsacConnectionManager.createConnection (D:\project\oneceo.ai\oneceo\apps\api\src\services\osac-connection-manager.ts:58:20)
[OSAC_RECONNECT_ERROR] sess_4fb5239668d94b6f Error: Unexpected server response: 401
    at Object.connectForSession (D:\project\oneceo.ai\oneceo\apps\api\src\connectors\osac-connector.ts:200:11)
    at process.processTicksAndRejections (node:internal/process/task_queues:95:5)
    at OsacConnectionManager.createConnection (D:\project\oneceo.ai\oneceo\apps\api\src\services\osac-connection-manager.ts:58:20)
[OSAC_HANDLER_ERROR] Error: Unexpected server response: 401
    at Object.connectForSession (D:\project\oneceo.ai\oneceo\apps\api\src\connectors\osac-connector.ts:200:11)
    at process.processTicksAndRejections (node:internal/process/task_queues:95:5)
    at OsacConnectionManager.createConnection (D:\project\oneceo.ai\oneceo\apps\api\src\services\osac-connection-manager.ts:58:20)
[OSAC_RECONNECT_ERROR] sess_4fb5239668d94b6f Error: Unexpected server response: 401
    at Object.connectForSession (D:\project\oneceo.ai\oneceo\apps\api\src\connectors\osac-connector.ts:200:11)
    at process.processTicksAndRejections (node:internal/process/task_queues:95:5)
    at OsacConnectionManager.createConnection (D:\project\oneceo.ai\oneceo\apps\api\src\services\osac-connection-manager.ts:58:20)
    at OsacConnectionManager.getConnection (D:\project\oneceo.ai\oneceo\apps\api\src\services\osac-connection-manager.ts:48:21)
[OSAC_RECONNECT_ERROR] sess_4fb5239668d94b6f Error: Unexpected server response: 401
    at Object.connectForSession (D:\project\oneceo.ai\oneceo\apps\api\src\connectors\osac-connector.ts:200:11)
    at process.processTicksAndRejections (node:internal/process/task_queues:95:5)
    at OsacConnectionManager.createConnection (D:\project\oneceo.ai\oneceo\apps\api\src\services\osac-connection-manager.ts:58:20)
    at OsacConnectionManager.getConnection (D:\project\oneceo.ai\oneceo\apps\api\src\services\osac-connection-manager.ts:48:21)
[OSAC_RECONNECT_ERROR] sess_4fb5239668d94b6f Error: Unexpected server response: 401
    at Object.connectForSession (D:\project\oneceo.ai\oneceo\apps\api\src\connectors\osac-connector.ts:200:11)
    at process.processTicksAndRejections (node:internal/process/task_queues:95:5)
    at OsacConnectionManager.createConnection (D:\project\oneceo.ai\oneceo\apps\api\src\services\osac-connection-manager.ts:58:20)
    at OsacConnectionManager.getConnection (D:\project\oneceo.ai\oneceo\apps\api\src\services\osac-connection-manager.ts:48:21)
[OSAC_RECONNECT_ERROR] sess_4fb5239668d94b6f Error: Unexpected server response: 401
    at Object.connectForSession (D:\project\oneceo.ai\oneceo\apps\api\src\connectors\osac-connector.ts:200:11)
    at process.processTicksAndRejections (node:internal/process/task_queues:95:5)
    at OsacConnectionManager.createConnection (D:\project\oneceo.ai\oneceo\apps\api\src\services\osac-connection-manager.ts:58:20)
    at OsacConnectionManager.getConnection (D:\project\oneceo.ai\oneceo\apps\api\src\services\osac-connection-manager.ts:48:21)
[OSAC_RECONNECT_ERROR] sess_4fb5239668d94b6f Error: Unexpected server response: 401
    at Object.connectForSession (D:\project\oneceo.ai\oneceo\apps\api\src\connectors\osac-connector.ts:200:11)
    at process.processTicksAndRejections (node:internal/process/task_queues:95:5)
    at OsacConnectionManager.createConnection (D:\project\oneceo.ai\oneceo\apps\api\src\services\osac-connection-manager.ts:58:20)
    at OsacConnectionManager.getConnection (D:\project\oneceo.ai\oneceo\apps\api\src\services\osac-connection-manager.ts:48:21)
[OSAC_RECONNECT_ERROR] sess_4fb5239668d94b6f Error: Unexpected server response: 401
    at Object.connectForSession (D:\project\oneceo.ai\oneceo\apps\api\src\connectors\osac-connector.ts:200:11)
    at process.processTicksAndRejections (node:internal/process/task_queues:95:5)
    at OsacConnectionManager.createConnection (D:\project\oneceo.ai\oneceo\apps\api\src\services\osac-connection-manager.ts:58:20)
    at OsacConnectionManager.getConnection (D:\project\oneceo.ai\oneceo\apps\api\src\services\osac-connection-manager.ts:48:21)
[OSAC_RECONNECT_ERROR] sess_4fb5239668d94b6f Error: Unexpected server response: 401
    at Object.connectForSession (D:\project\oneceo.ai\oneceo\apps\api\src\connectors\osac-connector.ts:200:11)
    at process.processTicksAndRejections (node:internal/process/task_queues:95:5)
    at OsacConnectionManager.createConnection (D:\project\oneceo.ai\oneceo\apps\api\src\services\osac-connection-manager.ts:58:20)
    at OsacConnectionManager.getConnection (D:\project\oneceo.ai\oneceo\apps\api\src\services\osac-connection-manager.ts:48:21)
[OSAC_RECONNECT_ERROR] sess_4fb5239668d94b6f Error: Unexpected server response: 401
    at Object.connectForSession (D:\project\oneceo.ai\oneceo\apps\api\src\connectors\osac-connector.ts:200:11)
    at process.processTicksAndRejections (node:internal/process/task_queues:95:5)
    at OsacConnectionManager.createConnection (D:\project\oneceo.ai\oneceo\apps\api\src\services\osac-connection-manager.ts:58:20)
    at OsacConnectionManager.getConnection (D:\project\oneceo.ai\oneceo\apps\api\src\services\osac-connection-manager.ts:48:21)
[OSAC_RECONNECT_ERROR] sess_4fb5239668d94b6f Error: Unexpected server response: 401
    at Object.connectForSession (D:\project\oneceo.ai\oneceo\apps\api\src\connectors\osac-connector.ts:200:11)
    at process.processTicksAndRejections (node:internal/process/task_queues:95:5)
    at OsacConnectionManager.createConnection (D:\project\oneceo.ai\oneceo\apps\api\src\services\osac-connection-manager.ts:58:20)
    at OsacConnectionManager.getConnection (D:\project\oneceo.ai\oneceo\apps\api\src\services\osac-connection-manager.ts:48:21)
[OSAC_RECONNECT_ERROR] sess_4fb5239668d94b6f Error: Unexpected server response: 401
    at Object.connectForSession (D:\project\oneceo.ai\oneceo\apps\api\src\connectors\osac-connector.ts:200:11)
    at process.processTicksAndRejections (node:internal/process/task_queues:95:5)
    at OsacConnectionManager.createConnection (D:\project\oneceo.ai\oneceo\apps\api\src\services\osac-connection-manager.ts:58:20)
[OSAC_RECONNECT_ERROR] sess_4fb5239668d94b6f Error: Unexpected server response: 401
    at Object.connectForSession (D:\project\oneceo.ai\oneceo\apps\api\src\connectors\osac-connector.ts:200:11)
    at process.processTicksAndRejections (node:internal/process/task_queues:95:5)
    at OsacConnectionManager.createConnection (D:\project\oneceo.ai\oneceo\apps\api\src\services\osac-connection-manager.ts:58:20)
[OSAC_RECONNECT_ERROR] sess_4fb5239668d94b6f Error: Unexpected server response: 401
    at Object.connectForSession (D:\project\oneceo.ai\oneceo\apps\api\src\connectors\osac-connector.ts:200:11)
    at process.processTicksAndRejections (node:internal/process/task_queues:95:5)
    at OsacConnectionManager.createConnection (D:\project\oneceo.ai\oneceo\apps\api\src\services\osac-connection-manager.ts:58:20)
[OSAC_HANDLER_ERROR] Error: Unexpected server response: 401
    at Object.connectForSession (D:\project\oneceo.ai\oneceo\apps\api\src\connectors\osac-connector.ts:200:11)
    at process.processTicksAndRejections (node:internal/process/task_queues:95:5)
    at OsacConnectionManager.createConnection (D:\project\oneceo.ai\oneceo\apps\api\src\services\osac-connection-manager.ts:58:20)
[OSAC_HANDLER_ERROR] Error: Unexpected server response: 401
    at Object.connectForSession (D:\project\oneceo.ai\oneceo\apps\api\src\connectors\osac-connector.ts:200:11)
    at process.processTicksAndRejections (node:internal/process/task_queues:95:5)
    at OsacConnectionManager.createConnection (D:\project\oneceo.ai\oneceo\apps\api\src\services\osac-connection-manager.ts:58:20)
[OSAC_HANDLER_ERROR] Error: Unexpected server response: 401
    at Object.connectForSession (D:\project\oneceo.ai\oneceo\apps\api\src\connectors\osac-connector.ts:200:11)
    at process.processTicksAndRejections (node:internal/process/task_queues:95:5)
    at OsacConnectionManager.createConnection (D:\project\oneceo.ai\oneceo\apps\api\src\services\osac-connection-manager.ts:58:20)
[OSAC_RECONNECT_ERROR] sess_4fb5239668d94b6f Error: Unexpected server response: 401
    at Object.connectForSession (D:\project\oneceo.ai\oneceo\apps\api\src\connectors\osac-connector.ts:200:11)
    at process.processTicksAndRejections (node:internal/process/task_queues:95:5)
    at OsacConnectionManager.createConnection (D:\project\oneceo.ai\oneceo\apps\api\src\services\osac-connection-manager.ts:58:20)
[OSAC_RECONNECT_ERROR] sess_4fb5239668d94b6f Error: Unexpected server response: 401
    at Object.connectForSession (D:\project\oneceo.ai\oneceo\apps\api\src\connectors\osac-connector.ts:200:11)
    at process.processTicksAndRejections (node:internal/process/task_queues:95:5)
    at OsacConnectionManager.createConnection (D:\project\oneceo.ai\oneceo\apps\api\src\services\osac-connection-manager.ts:58:20)
[OSAC_HANDLER_ERROR] Error: Unexpected server response: 401
    at Object.connectForSession (D:\project\oneceo.ai\oneceo\apps\api\src\connectors\osac-connector.ts:200:11)
    at process.processTicksAndRejections (node:internal/process/task_queues:95:5)
    at OsacConnectionManager.createConnection (D:\project\oneceo.ai\oneceo\apps\api\src\services\osac-connection-manager.ts:58:20)
[OSAC_HANDLER_ERROR] Error: Unexpected server response: 401
    at Object.connectForSession (D:\project\oneceo.ai\oneceo\apps\api\src\connectors\osac-connector.ts:200:11)
    at process.processTicksAndRejections (node:internal/process/task_queues:95:5)
    at OsacConnectionManager.createConnection (D:\project\oneceo.ai\oneceo\apps\api\src\services\osac-connection-manager.ts:58:20)
[OSAC_HANDLER_ERROR] Error: Unexpected server response: 401
    at Object.connectForSession (D:\project\oneceo.ai\oneceo\apps\api\src\connectors\osac-connector.ts:200:11)
    at process.processTicksAndRejections (node:internal/process/task_queues:95:5)
    at OsacConnectionManager.createConnection (D:\project\oneceo.ai\oneceo\apps\api\src\services\osac-connection-manager.ts:58:20)
[OSAC_RECONNECT_ERROR] sess_4fb5239668d94b6f Error: Unexpected server response: 401
    at Object.connectForSession (D:\project\oneceo.ai\oneceo\apps\api\src\connectors\osac-connector.ts:200:11)
    at process.processTicksAndRejections (node:internal/process/task_queues:95:5)
    at OsacConnectionManager.createConnection (D:\project\oneceo.ai\oneceo\apps\api\src\services\osac-connection-manager.ts:58:20)
[OSAC_RECONNECT_ERROR] sess_4fb5239668d94b6f Error: Unexpected server response: 401
    at Object.connectForSession (D:\project\oneceo.ai\oneceo\apps\api\src\connectors\osac-connector.ts:200:11)
    at process.processTicksAndRejections (node:internal/process/task_queues:95:5)
    at OsacConnectionManager.createConnection (D:\project\oneceo.ai\oneceo\apps\api\src\services\osac-connection-manager.ts:58:20)
[OSAC_HANDLER_ERROR] Error: Unexpected server response: 401
    at Object.connectForSession (D:\project\oneceo.ai\oneceo\apps\api\src\connectors\osac-connector.ts:200:11)
    at process.processTicksAndRejections (node:internal/process/task_queues:95:5)
    at OsacConnectionManager.createConnection (D:\project\oneceo.ai\oneceo\apps\api\src\services\osac-connection-manager.ts:58:20)
[OSAC_HANDLER_ERROR] Error: Unexpected server response: 401
    at Object.connectForSession (D:\project\oneceo.ai\oneceo\apps\api\src\connectors\osac-connector.ts:200:11)
    at process.processTicksAndRejections (node:internal/process/task_queues:95:5)
    at OsacConnectionManager.createConnection (D:\project\oneceo.ai\oneceo\apps\api\src\services\osac-connection-manager.ts:58:20)
[OSAC_RECONNECT_ERROR] sess_4fb5239668d94b6f Error: Unexpected server response: 401
    at Object.connectForSession (D:\project\oneceo.ai\oneceo\apps\api\src\connectors\osac-connector.ts:200:11)
    at process.processTicksAndRejections (node:internal/process/task_queues:95:5)
    at OsacConnectionManager.createConnection (D:\project\oneceo.ai\oneceo\apps\api\src\services\osac-connection-manager.ts:58:20)
[OSAC_RECONNECT_ERROR] sess_4fb5239668d94b6f Error: Unexpected server response: 401
    at Object.connectForSession (D:\project\oneceo.ai\oneceo\apps\api\src\connectors\osac-connector.ts:200:11)
    at process.processTicksAndRejections (node:internal/process/task_queues:95:5)
    at OsacConnectionManager.createConnection (D:\project\oneceo.ai\oneceo\apps\api\src\services\osac-connection-manager.ts:58:20)
[OSAC_HANDLER_ERROR] Error: Unexpected server response: 401
    at Object.connectForSession (D:\project\oneceo.ai\oneceo\apps\api\src\connectors\osac-connector.ts:200:11)
    at process.processTicksAndRejections (node:internal/process/task_queues:95:5)
    at OsacConnectionManager.createConnection (D:\project\oneceo.ai\oneceo\apps\api\src\services\osac-connection-manager.ts:58:20)
[OSAC_RECONNECT_ERROR] sess_4fb5239668d94b6f Error: Unexpected server response: 401
    at Object.connectForSession (D:\project\oneceo.ai\oneceo\apps\api\src\connectors\osac-connector.ts:200:11)
    at process.processTicksAndRejections (node:internal/process/task_queues:95:5)
    at OsacConnectionManager.createConnection (D:\project\oneceo.ai\oneceo\apps\api\src\services\osac-connection-manager.ts:58:20)
[OSAC_RECONNECT_ERROR] sess_4fb5239668d94b6f Error: OSAC WebSocket 连接超时
    at Object.connectForSession (D:\project\oneceo.ai\oneceo\apps\api\src\connectors\osac-connector.ts:200:11)
    at process.processTicksAndRejections (node:internal/process/task_queues:95:5)
    at OsacConnectionManager.createConnection (D:\project\oneceo.ai\oneceo\apps\api\src\services\osac-connection-manager.ts:58:20)
[OSAC_HANDLER_ERROR] Error: OSAC WebSocket 连接超时
    at Object.connectForSession (D:\project\oneceo.ai\oneceo\apps\api\src\connectors\osac-connector.ts:200:11)
    at process.processTicksAndRejections (node:internal/process/task_queues:95:5)
    at OsacConnectionManager.createConnection (D:\project\oneceo.ai\oneceo\apps\api\src\services\osac-connection-manager.ts:58:20)
[OSAC_RECONNECT_ERROR] sess_4fb5239668d94b6f Error: Unexpected server response: 401
    at Object.connectForSession (D:\project\oneceo.ai\oneceo\apps\api\src\connectors\osac-connector.ts:200:11)
    at process.processTicksAndRejections (node:internal/process/task_queues:95:5)
    at OsacConnectionManager.createConnection (D:\project\oneceo.ai\oneceo\apps\api\src\services\osac-connection-manager.ts:58:20)
    at OsacConnectionManager.getConnection (D:\project\oneceo.ai\oneceo\apps\api\src\services\osac-connection-manager.ts:48:21)
[OSAC_RECONNECT_ERROR] sess_4fb5239668d94b6f Error: Unexpected server response: 401
    at Object.connectForSession (D:\project\oneceo.ai\oneceo\apps\api\src\connectors\osac-connector.ts:200:11)
    at process.processTicksAndRejections (node:internal/process/task_queues:95:5)
    at OsacConnectionManager.createConnection (D:\project\oneceo.ai\oneceo\apps\api\src\services\osac-connection-manager.ts:58:20)
    at OsacConnectionManager.getConnection (D:\project\oneceo.ai\oneceo\apps\api\src\services\osac-connection-manager.ts:48:21)
[OSAC_RECONNECT_ERROR] sess_4fb5239668d94b6f Error: Unexpected server response: 401
    at Object.connectForSession (D:\project\oneceo.ai\oneceo\apps\api\src\connectors\osac-connector.ts:200:11)
    at process.processTicksAndRejections (node:internal/process/task_queues:95:5)
    at OsacConnectionManager.createConnection (D:\project\oneceo.ai\oneceo\apps\api\src\services\osac-connection-manager.ts:58:20)
    at OsacConnectionManager.getConnection (D:\project\oneceo.ai\oneceo\apps\api\src\services\osac-connection-manager.ts:48:21)
[OSAC_RECONNECT_ERROR] sess_4fb5239668d94b6f Error: Unexpected server response: 401
    at Object.connectForSession (D:\project\oneceo.ai\oneceo\apps\api\src\connectors\osac-connector.ts:200:11)
    at process.processTicksAndRejections (node:internal/process/task_queues:95:5)
    at OsacConnectionManager.createConnection (D:\project\oneceo.ai\oneceo\apps\api\src\services\osac-connection-manager.ts:58:20)
    at OsacConnectionManager.getConnection (D:\project\oneceo.ai\oneceo\apps\api\src\services\osac-connection-manager.ts:48:21)
[OSAC_RECONNECT_ERROR] sess_4fb5239668d94b6f Error: connect ECONNREFUSED 192.168.10.172:20086
    at Object.connectForSession (D:\project\oneceo.ai\oneceo\apps\api\src\connectors\osac-connector.ts:200:11)
    at process.processTicksAndRejections (node:internal/process/task_queues:95:5)
    at OsacConnectionManager.createConnection (D:\project\oneceo.ai\oneceo\apps\api\src\services\osac-connection-manager.ts:58:20)
    at OsacConnectionManager.getConnection (D:\project\oneceo.ai\oneceo\apps\api\src\services\osac-connection-manager.ts:48:21)
[OSAC_RECONNECT_ERROR] sess_4fb5239668d94b6f Error: connect ECONNREFUSED 192.168.10.172:20086
    at Object.connectForSession (D:\project\oneceo.ai\oneceo\apps\api\src\connectors\osac-connector.ts:200:11)
    at process.processTicksAndRejections (node:internal/process/task_queues:95:5)
    at OsacConnectionManager.createConnection (D:\project\oneceo.ai\oneceo\apps\api\src\services\osac-connection-manager.ts:58:20)
    at OsacConnectionManager.getConnection (D:\project\oneceo.ai\oneceo\apps\api\src\services\osac-connection-manager.ts:48:21)
[OSAC_RECONNECT_ERROR] sess_4fb5239668d94b6f Error: connect ECONNREFUSED 192.168.10.172:20086
    at Object.connectForSession (D:\project\oneceo.ai\oneceo\apps\api\src\connectors\osac-connector.ts:200:11)
    at process.processTicksAndRejections (node:internal/process/task_queues:95:5)
    at OsacConnectionManager.createConnection (D:\project\oneceo.ai\oneceo\apps\api\src\services\osac-connection-manager.ts:58:20)
    at OsacConnectionManager.getConnection (D:\project\oneceo.ai\oneceo\apps\api\src\services\osac-connection-manager.ts:48:21)
[OSAC_RECONNECT_ERROR] sess_4fb5239668d94b6f Error: connect ECONNREFUSED 192.168.10.172:20086
    at Object.connectForSession (D:\project\oneceo.ai\oneceo\apps\api\src\connectors\osac-connector.ts:200:11)
    at process.processTicksAndRejections (node:internal/process/task_queues:95:5)
    at OsacConnectionManager.createConnection (D:\project\oneceo.ai\oneceo\apps\api\src\services\osac-connection-manager.ts:58:20)
    at OsacConnectionManager.getConnection (D:\project\oneceo.ai\oneceo\apps\api\src\services\osac-connection-manager.ts:48:21)
[OSAC_RECONNECT_ERROR] sess_4fb5239668d94b6f Error: connect ECONNREFUSED 192.168.10.172:20086
    at Object.connectForSession (D:\project\oneceo.ai\oneceo\apps\api\src\connectors\osac-connector.ts:200:11)
    at process.processTicksAndRejections (node:internal/process/task_queues:95:5)
    at OsacConnectionManager.createConnection (D:\project\oneceo.ai\oneceo\apps\api\src\services\osac-connection-manager.ts:58:20)
    at OsacConnectionManager.getConnection (D:\project\oneceo.ai\oneceo\apps\api\src\services\osac-connection-manager.ts:48:21)
[OSAC_RECONNECT_ERROR] sess_4fb5239668d94b6f Error: connect ECONNREFUSED 192.168.10.172:20086
    at Object.connectForSession (D:\project\oneceo.ai\oneceo\apps\api\src\connectors\osac-connector.ts:200:11)
    at process.processTicksAndRejections (node:internal/process/task_queues:95:5)
    at OsacConnectionManager.createConnection (D:\project\oneceo.ai\oneceo\apps\api\src\services\osac-connection-manager.ts:58:20)
    at OsacConnectionManager.getConnection (D:\project\oneceo.ai\oneceo\apps\api\src\services\osac-connection-manager.ts:48:21)
[OSAC_RECONNECT_ERROR] sess_4fb5239668d94b6f Error: connect ECONNREFUSED 192.168.10.172:20086
    at Object.connectForSession (D:\project\oneceo.ai\oneceo\apps\api\src\connectors\osac-connector.ts:200:11)
    at process.processTicksAndRejections (node:internal/process/task_queues:95:5)
    at OsacConnectionManager.createConnection (D:\project\oneceo.ai\oneceo\apps\api\src\services\osac-connection-manager.ts:58:20)
    at OsacConnectionManager.getConnection (D:\project\oneceo.ai\oneceo\apps\api\src\services\osac-connection-manager.ts:48:21)
[OSAC_RECONNECT_ERROR] sess_4fb5239668d94b6f Error: connect ECONNREFUSED 192.168.10.172:20086
    at Object.connectForSession (D:\project\oneceo.ai\oneceo\apps\api\src\connectors\osac-connector.ts:200:11)
    at process.processTicksAndRejections (node:internal/process/task_queues:95:5)
    at OsacConnectionManager.createConnection (D:\project\oneceo.ai\oneceo\apps\api\src\services\osac-connection-manager.ts:58:20)
    at OsacConnectionManager.getConnection (D:\project\oneceo.ai\oneceo\apps\api\src\services\osac-connection-manager.ts:48:21)
